******************************************************************************
                  MSP430 Linker Unix v4.4.4                    
******************************************************************************
>> Linked Sun Jul 12 19:54:25 2015

OUTPUT FILE NAME:   <LedClock.out>
ENTRY POINT SYMBOL: "_c_int00_noargs_noexit"  address: 0000cb2e


MEMORY CONFIGURATION

         name            origin    length      used     unused   attr    fill
----------------------  --------  ---------  --------  --------  ----  --------
  SFR                   00000000   00000010  00000000  00000010  RWIX
  PERIPHERALS_8BIT      00000010   000000f0  00000000  000000f0  RWIX
  PERIPHERALS_16BIT     00000100   00000100  00000000  00000100  RWIX
  RAM                   00000200   00000200  000001b7  00000049  RWIX
  INFOD                 00001000   00000040  00000000  00000040  RWIX
  INFOC                 00001040   00000040  00000000  00000040  RWIX
  INFOB                 00001080   00000040  00000000  00000040  RWIX
  INFOA                 000010c0   00000040  00000000  00000040  RWIX
  FLASH                 0000c000   00003fe0  00000ee0  00003100  RWIX
  INT00                 0000ffe0   00000002  00000002  00000000  RWIX
  INT01                 0000ffe2   00000002  00000000  00000002  RWIX
  INT02                 0000ffe4   00000002  00000002  00000000  RWIX
  INT03                 0000ffe6   00000002  00000002  00000000  RWIX
  INT04                 0000ffe8   00000002  00000000  00000002  RWIX
  INT05                 0000ffea   00000002  00000002  00000000  RWIX
  INT06                 0000ffec   00000002  00000002  00000000  RWIX
  INT07                 0000ffee   00000002  00000002  00000000  RWIX
  INT08                 0000fff0   00000002  00000002  00000000  RWIX
  INT09                 0000fff2   00000002  00000002  00000000  RWIX
  INT10                 0000fff4   00000002  00000002  00000000  RWIX
  INT11                 0000fff6   00000002  00000002  00000000  RWIX
  INT12                 0000fff8   00000002  00000002  00000000  RWIX
  INT13                 0000fffa   00000002  00000002  00000000  RWIX
  INT14                 0000fffc   00000002  00000002  00000000  RWIX
  RESET                 0000fffe   00000002  00000002  00000000  RWIX


SECTION ALLOCATION MAP

 output                                  attributes/
section   page    origin      length       input sections
--------  ----  ----------  ----------   ----------------
.data      0    00000200    000000d0     UNINITIALIZED
                  00000200    000000b4     ws2812.obj (.data:leds)
                  000002b4    00000016     animation.obj (.data)
                  000002ca    00000002     main.obj (.data)
                  000002cc    00000002     rts430_eabi.lib : strtok.obj (.data)
                  000002ce    00000001     serial.obj (.data)
                  000002cf    00000001     time.obj (.data)

.bss       0    000002d0    000000a7     UNINITIALIZED
                  000002d0    00000080     (.common:input_buffer)
                  00000350    0000001a     (.common:time_str)
                  0000036a    0000000a     (.common:time_formated)
                  00000374    00000003     (.common:current)

.stack     0    000003c0    00000040     UNINITIALIZED
                  000003c0    00000002     boot.ae430 : boot.oe430 (.stack)
                  000003c2    0000003e     --HOLE--

.text      0    0000c000    00000d42     
                  0000c000    000001ce     animation.obj (.text:show_clock)
                  0000c1ce    00000116     rts430_eabi.lib : _printfi_min.obj (.text:_setfield)
                  0000c2e4    000000ca                     : _printfi_min.obj (.text:__TI_printfi_minimal)
                  0000c3ae    000000ac     serial.obj (.text:USCI0RX_ISR_HOOK)
                  0000c45a    0000008e     main.obj (.text:main)
                  0000c4e8    0000008c     ws2812.obj (.text:showStrip)
                  0000c574    00000064     rts430_eabi.lib : copy_decompress_rle.obj (.text:__TI_decompress_rle_core)
                  0000c5d8    00000064     boot.ae430 : autoinit.oe430 (.text:_auto_init)
                  0000c63c    00000058     time.obj (.text:parse_time)
                  0000c694    00000056     rts430_eabi.lib : _printfi_min.obj (.text:_ltostr)
                  0000c6ea    00000052                     : atoi.obj (.text:atoi)
                  0000c73c    0000004e                     : _printfi_min.obj (.text:_pproc_diouxp)
                  0000c78a    0000004e                     : strtok.obj (.text:strtok)
                  0000c7d8    0000004c                     : lsr16.obj (.text)
                  0000c824    00000048                     : _printfi_min.obj (.text:_pproc_str)
                  0000c86c    00000042     time.obj (.text:set_time)
                  0000c8ae    0000003c     grace.lib : GPIO_init.obj (.text:GPIO_graceInit)
                  0000c8ea    0000003a     serial.obj (.text:print_string)
                  0000c924    00000038     rts430_eabi.lib : sprintf.obj (.text:sprintf)
                  0000c95c    00000038     time.obj (.text:tick)
                  0000c994    00000036     rts430_eabi.lib : strstr.obj (.text:strstr)
                  0000c9ca    00000034     grace.lib : BCSplus_init.obj (.text:BCSplus_graceInit)
                  0000c9fe    0000002e     rts430_eabi.lib : _printfi_min.obj (.text:_getarg_diouxp)
                  0000ca2c    0000002e     ws2812.obj (.text:fillStrip)
                  0000ca5a    0000002c     ws2812.obj (.text:initStrip)
                  0000ca86    0000002c     rts430_eabi.lib : asr16.obj (.text)
                  0000cab2    0000002c                     : div16s.obj (.text)
                  0000cade    00000028                     : strcspn.obj (.text:strcspn)
                  0000cb06    00000028                     : strspn.obj (.text:strspn)
                  0000cb2e    00000026     boot.ae430 : boot_special.oe430 (.text:_c_int00_noargs_noexit)
                  0000cb54    00000024     grace.lib : Grace_init.obj (.text:Grace_init)
                  0000cb78    00000024               : System_init.obj (.text:System_graceInit)
                  0000cb9c    00000022     main.obj (.text:TIMER0_A0_ISR_HOOK)
                  0000cbbe    00000020     ws2812.obj (.text:setLEDColor)
                  0000cbde    0000001c     grace.lib : USCI_A0_init.obj (.text:USCI_A0_graceInit)
                  0000cbfa    0000001a     rts430_eabi.lib : sprintf.obj (.text:_outs)
                  0000cc14    0000001a                     : memccpy.obj (.text:memccpy)
                  0000cc2e    00000018                     : _printfi_min.obj (.text:_div)
                  0000cc46    00000018                     : strcmp.obj (.text:strcmp)
                  0000cc5e    00000016                     : div16u.obj (.text)
                  0000cc74    00000014     grace.lib : Timer0_A3_init.obj (.text:Timer0_A3_graceInit)
                  0000cc88    00000014     rts430_eabi.lib : copy_zero_init.obj (.text:decompress:ZI:__TI_zero_init)
                  0000cc9c    00000014                     : memset.obj (.text:memset)
                  0000ccb0    00000014                     : mult16.obj (.text)
                  0000ccc4    00000012                     : sprintf.obj (.text:_outc)
                  0000ccd6    00000012                     : copy_decompress_none.obj (.text:decompress:none:__TI_decompress_none)
                  0000cce8    00000012                     : memcpy.obj (.text:memcpy)
                  0000ccfa    00000010                     : epilog.obj (.text)
                  0000cd0a    0000000e                     : strlen.obj (.text:strlen)
                  0000cd18    0000000c     ws2812.obj (.text:clearStrip)
                  0000cd24    00000008     grace.lib : WDTplus_init.obj (.text:WDTplus_graceInit)
                  0000cd2c    00000006     rts430_eabi.lib : isr_trap.obj (.text:_isr:__TI_ISR_TRAP)
                  0000cd32    00000006                     : copy_decompress_rle.obj (.text:decompress:rle24:__TI_decompress_rle24)
                  0000cd38    00000004     boot.ae430 : pre_init.oe430 (.text:_system_pre_init)
                  0000cd3c    00000004     rts430_eabi.lib : exit.obj (.text:abort)
                  0000cd40    00000002     grace.lib : InterruptVectors_init.obj (.text:InterruptVectors_graceInit)

.const     0    0000cd42    0000016c     
                  0000cd42    00000101     rts430_eabi.lib : ctype.obj (.const:.string:_ctypes_)
                  0000ce43    00000001     --HOLE-- [fill = 0]
                  0000ce44    00000030     time.obj (.const:.string)
                  0000ce74    00000014     rts430_eabi.lib : _printfi_min.obj (.const:.string)
                  0000ce88    00000014     serial.obj (.const:.string)
                  0000ce9c    00000012     main.obj (.const:.string)

.cinit     0    0000ceae    00000032     
                  0000ceae    00000020     (.cinit..data.load) [load image, compression = rle]
                  0000cece    00000006     (__TI_handler_table)
                  0000ced4    00000004     (.cinit..bss.load) [load image, compression = zero_init]
                  0000ced8    00000008     (__TI_cinit_table)

.init_array 
*          0    0000c000    00000000     UNINITIALIZED

TRAPINT    0    0000ffe0    00000002     
                  0000ffe0    00000002     rts430_eabi.lib : int00.obj (.int00)

PORT1      0    0000ffe4    00000002     
                  0000ffe4    00000002     rts430_eabi.lib : int02.obj (.int02)

PORT2      0    0000ffe6    00000002     
                  0000ffe6    00000002     rts430_eabi.lib : int03.obj (.int03)

ADC10      0    0000ffea    00000002     
                  0000ffea    00000002     rts430_eabi.lib : int05.obj (.int05)

USCIAB0TX 
*          0    0000ffec    00000002     
                  0000ffec    00000002     rts430_eabi.lib : int06.obj (.int06)

USCIAB0RX 
*          0    0000ffee    00000002     
                  0000ffee    00000002     serial.obj (.int07)

TIMER0_A1 
*          0    0000fff0    00000002     
                  0000fff0    00000002     rts430_eabi.lib : int08.obj (.int08)

TIMER0_A0 
*          0    0000fff2    00000002     
                  0000fff2    00000002     main.obj (.int09)

WDT        0    0000fff4    00000002     
                  0000fff4    00000002     rts430_eabi.lib : int10.obj (.int10)

COMPARATORA 
*          0    0000fff6    00000002     
                  0000fff6    00000002     rts430_eabi.lib : int11.obj (.int11)

TIMER1_A1 
*          0    0000fff8    00000002     
                  0000fff8    00000002     rts430_eabi.lib : int12.obj (.int12)

TIMER1_A0 
*          0    0000fffa    00000002     
                  0000fffa    00000002     rts430_eabi.lib : int13.obj (.int13)

NMI        0    0000fffc    00000002     
                  0000fffc    00000002     rts430_eabi.lib : int14.obj (.int14)

.reset     0    0000fffe    00000002     
                  0000fffe    00000002     boot.ae430 : boot.oe430 (.reset)

xdc.meta   0    00000000    000000e6     COPY SECTION
                  00000000    000000e6     main_pe430.oe430 (xdc.meta)

.TI.persistent 
*          0    00000200    00000000     UNINITIALIZED


LINKER GENERATED COPY TABLES

__TI_cinit_table @ 0000ced8 records: 2, size/record: 4, table size: 8
	.data: load addr=0000ceae, load size=00000020 bytes, run addr=00000200, run size=000000d0 bytes, compression=rle
	.bss: load addr=0000ced4, load size=00000004 bytes, run addr=000002d0, run size=000000a7 bytes, compression=zero_init


LINKER GENERATED HANDLER TABLE

__TI_handler_table @ 0000cece records: 3, size/record: 2, table size: 6
	index: 0, handler: __TI_zero_init
	index: 1, handler: __TI_decompress_rle24
	index: 2, handler: __TI_decompress_none


GLOBAL SYMBOLS: SORTED ALPHABETICALLY BY Name 

address   name                            
-------   ----                            
0000004a  ADC10AE0                        
000001b0  ADC10CTL0                       
000001b2  ADC10CTL1                       
00000048  ADC10DTC0                       
00000049  ADC10DTC1                       
000001b4  ADC10MEM                        
000001bc  ADC10SA                         
00000057  BCSCTL1                         
00000058  BCSCTL2                         
00000053  BCSCTL3                         
0000c9ca  BCSplus_graceInit               
0000cd3c  C$$EXIT                         
00000059  CACTL1                          
0000005a  CACTL2                          
000010fb  CALBC1_12MHZ                    
000010f9  CALBC1_16MHZ                    
000010ff  CALBC1_1MHZ                     
000010fd  CALBC1_8MHZ                     
000010fa  CALDCO_12MHZ                    
000010f8  CALDCO_16MHZ                    
000010fe  CALDCO_1MHZ                     
000010fc  CALDCO_8MHZ                     
0000005b  CAPD                            
00000056  DCOCTL                          
00000128  FCTL1                           
0000012a  FCTL2                           
0000012c  FCTL3                           
0000c8ae  GPIO_graceInit                  
0000cb54  Grace_init                      
00000000  IE1                             
00000001  IE2                             
00000002  IFG1                            
00000003  IFG2                            
0000cd40  InterruptVectors_graceInit      
00000022  P1DIR                           
00000025  P1IE                            
00000024  P1IES                           
00000023  P1IFG                           
00000020  P1IN                            
00000021  P1OUT                           
00000027  P1REN                           
00000026  P1SEL                           
00000041  P1SEL2                          
0000002a  P2DIR                           
0000002d  P2IE                            
0000002c  P2IES                           
0000002b  P2IFG                           
00000028  P2IN                            
00000029  P2OUT                           
0000002f  P2REN                           
0000002e  P2SEL                           
00000042  P2SEL2                          
0000001a  P3DIR                           
00000018  P3IN                            
00000019  P3OUT                           
00000010  P3REN                           
0000001b  P3SEL                           
00000043  P3SEL2                          
0000cb78  System_graceInit                
00000172  TA0CCR0                         
00000174  TA0CCR1                         
00000176  TA0CCR2                         
00000162  TA0CCTL0                        
00000164  TA0CCTL1                        
00000166  TA0CCTL2                        
00000160  TA0CTL                          
0000012e  TA0IV                           
00000170  TA0R                            
00000192  TA1CCR0                         
00000194  TA1CCR1                         
00000196  TA1CCR2                         
00000182  TA1CCTL0                        
00000184  TA1CCTL1                        
00000186  TA1CCTL2                        
00000180  TA1CTL                          
0000011e  TA1IV                           
00000190  TA1R                            
0000cb9c  TIMER0_A0_ISR_HOOK              
000010db  TLV_ADC10_1_LEN                 
000010da  TLV_ADC10_1_TAG                 
000010c0  TLV_CHECKSUM                    
000010f7  TLV_DCO_30_LEN                  
000010f6  TLV_DCO_30_TAG                  
0000cc74  Timer0_A3_graceInit             
0000005d  UCA0ABCTL                       
00000062  UCA0BR0                         
00000063  UCA0BR1                         
00000060  UCA0CTL0                        
00000061  UCA0CTL1                        
0000005f  UCA0IRRCTL                      
0000005e  UCA0IRTCTL                      
00000064  UCA0MCTL                        
00000066  UCA0RXBUF                       
00000065  UCA0STAT                        
00000067  UCA0TXBUF                       
0000006a  UCB0BR0                         
0000006b  UCB0BR1                         
00000068  UCB0CTL0                        
00000069  UCB0CTL1                        
0000006c  UCB0I2CIE                       
00000118  UCB0I2COA                       
0000011a  UCB0I2CSA                       
0000006e  UCB0RXBUF                       
0000006d  UCB0STAT                        
0000006f  UCB0TXBUF                       
0000c3ae  USCI0RX_ISR_HOOK                
0000cbde  USCI_A0_graceInit               
00000120  WDTCTL                          
0000cd24  WDTplus_graceInit               
00000000  __ASM__                         
0000005c  __ISA__                         
0000006e  __PLAT__                        
00000400  __STACK_END                     
00000040  __STACK_SIZE                    
00000092  __TARG__                        
0000ced8  __TI_CINIT_Base                 
0000cee0  __TI_CINIT_Limit                
0000cece  __TI_Handler_Table_Base         
0000ced4  __TI_Handler_Table_Limit        
UNDEFED   __TI_INITARRAY_Base             
UNDEFED   __TI_INITARRAY_Limit            
0000cd2c  __TI_ISR_TRAP                   
0000ccd6  __TI_decompress_none            
0000cd32  __TI_decompress_rle24           
0000ffe0  __TI_int00                      
0000ffe4  __TI_int02                      
0000ffe6  __TI_int03                      
0000ffea  __TI_int05                      
0000ffec  __TI_int06                      
0000ffee  __TI_int07                      
0000fff0  __TI_int08                      
0000fff2  __TI_int09                      
0000fff4  __TI_int10                      
0000fff6  __TI_int11                      
0000fff8  __TI_int12                      
0000fffa  __TI_int13                      
0000fffc  __TI_int14                      
0000c2e4  __TI_printfi_minimal            
0000cc88  __TI_zero_init                  
000000be  __TRDR__                        
ffffffff  __binit__                       
ffffffff  __c_args__                      
0000cab2  __mspabi_divi                   
0000cc5e  __mspabi_divu                   
0000cd06  __mspabi_func_epilog_1          
0000cd04  __mspabi_func_epilog_2          
0000cd02  __mspabi_func_epilog_3          
0000cd00  __mspabi_func_epilog_4          
0000ccfe  __mspabi_func_epilog_5          
0000ccfc  __mspabi_func_epilog_6          
0000ccfa  __mspabi_func_epilog_7          
0000ccb0  __mspabi_mpyi                   
0000ccb0  __mspabi_mpyi_sw                
0000cab2  __mspabi_remi                   
0000cc5e  __mspabi_remu                   
0000ca86  __mspabi_srai                   
0000caae  __mspabi_srai_1                 
0000ca9c  __mspabi_srai_10                
0000ca9a  __mspabi_srai_11                
0000ca98  __mspabi_srai_12                
0000ca96  __mspabi_srai_13                
0000ca94  __mspabi_srai_14                
0000ca92  __mspabi_srai_15                
0000caac  __mspabi_srai_2                 
0000caaa  __mspabi_srai_3                 
0000caa8  __mspabi_srai_4                 
0000caa6  __mspabi_srai_5                 
0000caa4  __mspabi_srai_6                 
0000caa2  __mspabi_srai_7                 
0000caa0  __mspabi_srai_8                 
0000ca9e  __mspabi_srai_9                 
0000c7d8  __mspabi_srli                   
0000c81e  __mspabi_srli_1                 
0000c7fa  __mspabi_srli_10                
0000c7f6  __mspabi_srli_11                
0000c7f2  __mspabi_srli_12                
0000c7ee  __mspabi_srli_13                
0000c7ea  __mspabi_srli_14                
0000c7e6  __mspabi_srli_15                
0000c81a  __mspabi_srli_2                 
0000c816  __mspabi_srli_3                 
0000c812  __mspabi_srli_4                 
0000c80e  __mspabi_srli_5                 
0000c80a  __mspabi_srli_6                 
0000c806  __mspabi_srli_7                 
0000c802  __mspabi_srli_8                 
0000c7fe  __mspabi_srli_9                 
0000c5d8  _auto_init                      
0000cb2e  _c_int00_noargs_noexit          
0000cd42  _ctypes_                        
0000fffe  _reset_vector                   
000003c0  _stack                          
0000cd38  _system_pre_init                
0000cd3c  abort                           
0000c6ea  atoi                            
ffffffff  binit                           
000002c9  brightness                      
0000cd18  clearStrip                      
00000374  current                         
000002ca  current_state                   
000002cf  f_time_set                      
0000ca2c  fillStrip                       
0000ca5a  initStrip                       
000002d0  input_buffer                    
000002ce  input_count                     
00000200  leds                            
0000c45a  main                            
0000cc14  memccpy                         
0000cce8  memcpy                          
0000cc9c  memset                          
000002c6  normal_color                    
0000c63c  parse_time                      
0000c8ea  print_string                    
0000cbbe  setLEDColor                     
0000c86c  set_time                        
0000c4e8  showStrip                       
0000c000  show_clock                      
0000c924  sprintf                         
0000cc46  strcmp                          
0000cade  strcspn                         
0000cd0a  strlen                          
0000cb06  strspn                          
0000c994  strstr                          
0000c78a  strtok                          
0000c95c  tick                            
000002b4  time_color_hour                 
000002b7  time_color_minute               
000002ba  time_color_second               
000002c3  time_color_second_25            
000002c0  time_color_second_50            
000002bd  time_color_second_75            
0000036a  time_formated                   
00000350  time_str                        
00000000  xdc_runtime_Startup__EXECFXN__C 
00000000  xdc_runtime_Startup__RESETFXN__C
00000000  xdc_runtime_Startup_exec__E     
00000000  xdc_runtime_Startup_reset__I    


GLOBAL SYMBOLS: SORTED BY Symbol Address 

address   name                            
-------   ----                            
00000000  IE1                             
00000000  __ASM__                         
00000000  xdc_runtime_Startup__EXECFXN__C 
00000000  xdc_runtime_Startup__RESETFXN__C
00000000  xdc_runtime_Startup_exec__E     
00000000  xdc_runtime_Startup_reset__I    
00000001  IE2                             
00000002  IFG1                            
00000003  IFG2                            
00000010  P3REN                           
00000018  P3IN                            
00000019  P3OUT                           
0000001a  P3DIR                           
0000001b  P3SEL                           
00000020  P1IN                            
00000021  P1OUT                           
00000022  P1DIR                           
00000023  P1IFG                           
00000024  P1IES                           
00000025  P1IE                            
00000026  P1SEL                           
00000027  P1REN                           
00000028  P2IN                            
00000029  P2OUT                           
0000002a  P2DIR                           
0000002b  P2IFG                           
0000002c  P2IES                           
0000002d  P2IE                            
0000002e  P2SEL                           
0000002f  P2REN                           
00000040  __STACK_SIZE                    
00000041  P1SEL2                          
00000042  P2SEL2                          
00000043  P3SEL2                          
00000048  ADC10DTC0                       
00000049  ADC10DTC1                       
0000004a  ADC10AE0                        
00000053  BCSCTL3                         
00000056  DCOCTL                          
00000057  BCSCTL1                         
00000058  BCSCTL2                         
00000059  CACTL1                          
0000005a  CACTL2                          
0000005b  CAPD                            
0000005c  __ISA__                         
0000005d  UCA0ABCTL                       
0000005e  UCA0IRTCTL                      
0000005f  UCA0IRRCTL                      
00000060  UCA0CTL0                        
00000061  UCA0CTL1                        
00000062  UCA0BR0                         
00000063  UCA0BR1                         
00000064  UCA0MCTL                        
00000065  UCA0STAT                        
00000066  UCA0RXBUF                       
00000067  UCA0TXBUF                       
00000068  UCB0CTL0                        
00000069  UCB0CTL1                        
0000006a  UCB0BR0                         
0000006b  UCB0BR1                         
0000006c  UCB0I2CIE                       
0000006d  UCB0STAT                        
0000006e  UCB0RXBUF                       
0000006e  __PLAT__                        
0000006f  UCB0TXBUF                       
00000092  __TARG__                        
000000be  __TRDR__                        
00000118  UCB0I2COA                       
0000011a  UCB0I2CSA                       
0000011e  TA1IV                           
00000120  WDTCTL                          
00000128  FCTL1                           
0000012a  FCTL2                           
0000012c  FCTL3                           
0000012e  TA0IV                           
00000160  TA0CTL                          
00000162  TA0CCTL0                        
00000164  TA0CCTL1                        
00000166  TA0CCTL2                        
00000170  TA0R                            
00000172  TA0CCR0                         
00000174  TA0CCR1                         
00000176  TA0CCR2                         
00000180  TA1CTL                          
00000182  TA1CCTL0                        
00000184  TA1CCTL1                        
00000186  TA1CCTL2                        
00000190  TA1R                            
00000192  TA1CCR0                         
00000194  TA1CCR1                         
00000196  TA1CCR2                         
000001b0  ADC10CTL0                       
000001b2  ADC10CTL1                       
000001b4  ADC10MEM                        
000001bc  ADC10SA                         
00000200  leds                            
000002b4  time_color_hour                 
000002b7  time_color_minute               
000002ba  time_color_second               
000002bd  time_color_second_75            
000002c0  time_color_second_50            
000002c3  time_color_second_25            
000002c6  normal_color                    
000002c9  brightness                      
000002ca  current_state                   
000002ce  input_count                     
000002cf  f_time_set                      
000002d0  input_buffer                    
00000350  time_str                        
0000036a  time_formated                   
00000374  current                         
000003c0  _stack                          
00000400  __STACK_END                     
000010c0  TLV_CHECKSUM                    
000010da  TLV_ADC10_1_TAG                 
000010db  TLV_ADC10_1_LEN                 
000010f6  TLV_DCO_30_TAG                  
000010f7  TLV_DCO_30_LEN                  
000010f8  CALDCO_16MHZ                    
000010f9  CALBC1_16MHZ                    
000010fa  CALDCO_12MHZ                    
000010fb  CALBC1_12MHZ                    
000010fc  CALDCO_8MHZ                     
000010fd  CALBC1_8MHZ                     
000010fe  CALDCO_1MHZ                     
000010ff  CALBC1_1MHZ                     
0000c000  show_clock                      
0000c2e4  __TI_printfi_minimal            
0000c3ae  USCI0RX_ISR_HOOK                
0000c45a  main                            
0000c4e8  showStrip                       
0000c5d8  _auto_init                      
0000c63c  parse_time                      
0000c6ea  atoi                            
0000c78a  strtok                          
0000c7d8  __mspabi_srli                   
0000c7e6  __mspabi_srli_15                
0000c7ea  __mspabi_srli_14                
0000c7ee  __mspabi_srli_13                
0000c7f2  __mspabi_srli_12                
0000c7f6  __mspabi_srli_11                
0000c7fa  __mspabi_srli_10                
0000c7fe  __mspabi_srli_9                 
0000c802  __mspabi_srli_8                 
0000c806  __mspabi_srli_7                 
0000c80a  __mspabi_srli_6                 
0000c80e  __mspabi_srli_5                 
0000c812  __mspabi_srli_4                 
0000c816  __mspabi_srli_3                 
0000c81a  __mspabi_srli_2                 
0000c81e  __mspabi_srli_1                 
0000c86c  set_time                        
0000c8ae  GPIO_graceInit                  
0000c8ea  print_string                    
0000c924  sprintf                         
0000c95c  tick                            
0000c994  strstr                          
0000c9ca  BCSplus_graceInit               
0000ca2c  fillStrip                       
0000ca5a  initStrip                       
0000ca86  __mspabi_srai                   
0000ca92  __mspabi_srai_15                
0000ca94  __mspabi_srai_14                
0000ca96  __mspabi_srai_13                
0000ca98  __mspabi_srai_12                
0000ca9a  __mspabi_srai_11                
0000ca9c  __mspabi_srai_10                
0000ca9e  __mspabi_srai_9                 
0000caa0  __mspabi_srai_8                 
0000caa2  __mspabi_srai_7                 
0000caa4  __mspabi_srai_6                 
0000caa6  __mspabi_srai_5                 
0000caa8  __mspabi_srai_4                 
0000caaa  __mspabi_srai_3                 
0000caac  __mspabi_srai_2                 
0000caae  __mspabi_srai_1                 
0000cab2  __mspabi_divi                   
0000cab2  __mspabi_remi                   
0000cade  strcspn                         
0000cb06  strspn                          
0000cb2e  _c_int00_noargs_noexit          
0000cb54  Grace_init                      
0000cb78  System_graceInit                
0000cb9c  TIMER0_A0_ISR_HOOK              
0000cbbe  setLEDColor                     
0000cbde  USCI_A0_graceInit               
0000cc14  memccpy                         
0000cc46  strcmp                          
0000cc5e  __mspabi_divu                   
0000cc5e  __mspabi_remu                   
0000cc74  Timer0_A3_graceInit             
0000cc88  __TI_zero_init                  
0000cc9c  memset                          
0000ccb0  __mspabi_mpyi                   
0000ccb0  __mspabi_mpyi_sw                
0000ccd6  __TI_decompress_none            
0000cce8  memcpy                          
0000ccfa  __mspabi_func_epilog_7          
0000ccfc  __mspabi_func_epilog_6          
0000ccfe  __mspabi_func_epilog_5          
0000cd00  __mspabi_func_epilog_4          
0000cd02  __mspabi_func_epilog_3          
0000cd04  __mspabi_func_epilog_2          
0000cd06  __mspabi_func_epilog_1          
0000cd0a  strlen                          
0000cd18  clearStrip                      
0000cd24  WDTplus_graceInit               
0000cd2c  __TI_ISR_TRAP                   
0000cd32  __TI_decompress_rle24           
0000cd38  _system_pre_init                
0000cd3c  C$$EXIT                         
0000cd3c  abort                           
0000cd40  InterruptVectors_graceInit      
0000cd42  _ctypes_                        
0000cece  __TI_Handler_Table_Base         
0000ced4  __TI_Handler_Table_Limit        
0000ced8  __TI_CINIT_Base                 
0000cee0  __TI_CINIT_Limit                
0000ffe0  __TI_int00                      
0000ffe4  __TI_int02                      
0000ffe6  __TI_int03                      
0000ffea  __TI_int05                      
0000ffec  __TI_int06                      
0000ffee  __TI_int07                      
0000fff0  __TI_int08                      
0000fff2  __TI_int09                      
0000fff4  __TI_int10                      
0000fff6  __TI_int11                      
0000fff8  __TI_int12                      
0000fffa  __TI_int13                      
0000fffc  __TI_int14                      
0000fffe  _reset_vector                   
ffffffff  __binit__                       
ffffffff  __c_args__                      
ffffffff  binit                           
UNDEFED   __TI_INITARRAY_Base             
UNDEFED   __TI_INITARRAY_Limit            

[237 symbols]
