<?xml version="1.0"?>
<link_info>
   <banner>MSP430 Linker Unix v4.4.4</banner>
   <copyright>Copyright (c) 2003-2015 Texas Instruments Incorporated</copyright>
   <link_time>0x55a2a9d1</link_time>
   <link_errors>0x0</link_errors>
   <output_file>LedClock.out</output_file>
   <entry_point>
      <name>_c_int00_noargs_noexit</name>
      <address>0xcb2e</address>
   </entry_point>
   <input_file_list>
      <input_file id="fl-2">
         <path>./</path>
         <kind>object</kind>
         <file>animation.obj</file>
         <name>animation.obj</name>
      </input_file>
      <input_file id="fl-3">
         <path>./</path>
         <kind>object</kind>
         <file>main.obj</file>
         <name>main.obj</name>
      </input_file>
      <input_file id="fl-4">
         <path>./</path>
         <kind>object</kind>
         <file>serial.obj</file>
         <name>serial.obj</name>
      </input_file>
      <input_file id="fl-5">
         <path>./</path>
         <kind>object</kind>
         <file>time.obj</file>
         <name>time.obj</name>
      </input_file>
      <input_file id="fl-6">
         <path>./</path>
         <kind>object</kind>
         <file>ws2812.obj</file>
         <name>ws2812.obj</name>
      </input_file>
      <input_file id="fl-a">
         <path>/home/flitjesdev/git/LedClock/LedClock/Debug/configPkg/package/cfg/</path>
         <kind>object</kind>
         <file>main_pe430.oe430</file>
         <name>main_pe430.oe430</name>
      </input_file>
      <input_file id="fl-11">
         <path>/opt/ti/grace_3_10_00_82/packages/ti/targets/msp430/rts430/lib/</path>
         <kind>archive</kind>
         <file>boot.ae430</file>
         <name>boot.oe430</name>
      </input_file>
      <input_file id="fl-12">
         <path>/opt/ti/grace_3_10_00_82/packages/ti/targets/msp430/rts430/lib/</path>
         <kind>archive</kind>
         <file>boot.ae430</file>
         <name>boot_special.oe430</name>
      </input_file>
      <input_file id="fl-13">
         <path>/opt/ti/grace_3_10_00_82/packages/ti/targets/msp430/rts430/lib/</path>
         <kind>archive</kind>
         <file>boot.ae430</file>
         <name>pre_init.oe430</name>
      </input_file>
      <input_file id="fl-14">
         <path>/opt/ti/grace_3_10_00_82/packages/ti/targets/msp430/rts430/lib/</path>
         <kind>archive</kind>
         <file>boot.ae430</file>
         <name>autoinit.oe430</name>
      </input_file>
      <input_file id="fl-15">
         <path>/home/flitjesdev/git/LedClock/LedClock/src/grace/</path>
         <kind>archive</kind>
         <file>grace.lib</file>
         <name>Grace_init.obj</name>
      </input_file>
      <input_file id="fl-16">
         <path>/home/flitjesdev/git/LedClock/LedClock/src/grace/</path>
         <kind>archive</kind>
         <file>grace.lib</file>
         <name>GPIO_init.obj</name>
      </input_file>
      <input_file id="fl-17">
         <path>/home/flitjesdev/git/LedClock/LedClock/src/grace/</path>
         <kind>archive</kind>
         <file>grace.lib</file>
         <name>BCSplus_init.obj</name>
      </input_file>
      <input_file id="fl-18">
         <path>/home/flitjesdev/git/LedClock/LedClock/src/grace/</path>
         <kind>archive</kind>
         <file>grace.lib</file>
         <name>USCI_A0_init.obj</name>
      </input_file>
      <input_file id="fl-19">
         <path>/home/flitjesdev/git/LedClock/LedClock/src/grace/</path>
         <kind>archive</kind>
         <file>grace.lib</file>
         <name>InterruptVectors_init.obj</name>
      </input_file>
      <input_file id="fl-1a">
         <path>/home/flitjesdev/git/LedClock/LedClock/src/grace/</path>
         <kind>archive</kind>
         <file>grace.lib</file>
         <name>System_init.obj</name>
      </input_file>
      <input_file id="fl-1b">
         <path>/home/flitjesdev/git/LedClock/LedClock/src/grace/</path>
         <kind>archive</kind>
         <file>grace.lib</file>
         <name>Timer0_A3_init.obj</name>
      </input_file>
      <input_file id="fl-1c">
         <path>/home/flitjesdev/git/LedClock/LedClock/src/grace/</path>
         <kind>archive</kind>
         <file>grace.lib</file>
         <name>WDTplus_init.obj</name>
      </input_file>
      <input_file id="fl-46">
         <path>/opt/ti/ccsv6/tools/compiler/ti-cgt-msp430_4.4.4/lib/</path>
         <kind>archive</kind>
         <file>rts430_eabi.lib</file>
         <name>args_main.obj</name>
      </input_file>
      <input_file id="fl-47">
         <path>/opt/ti/ccsv6/tools/compiler/ti-cgt-msp430_4.4.4/lib/</path>
         <kind>archive</kind>
         <file>rts430_eabi.lib</file>
         <name>asr16.obj</name>
      </input_file>
      <input_file id="fl-48">
         <path>/opt/ti/ccsv6/tools/compiler/ti-cgt-msp430_4.4.4/lib/</path>
         <kind>archive</kind>
         <file>rts430_eabi.lib</file>
         <name>atoi.obj</name>
      </input_file>
      <input_file id="fl-49">
         <path>/opt/ti/ccsv6/tools/compiler/ti-cgt-msp430_4.4.4/lib/</path>
         <kind>archive</kind>
         <file>rts430_eabi.lib</file>
         <name>copy_decompress_none.obj</name>
      </input_file>
      <input_file id="fl-4a">
         <path>/opt/ti/ccsv6/tools/compiler/ti-cgt-msp430_4.4.4/lib/</path>
         <kind>archive</kind>
         <file>rts430_eabi.lib</file>
         <name>copy_decompress_rle.obj</name>
      </input_file>
      <input_file id="fl-4b">
         <path>/opt/ti/ccsv6/tools/compiler/ti-cgt-msp430_4.4.4/lib/</path>
         <kind>archive</kind>
         <file>rts430_eabi.lib</file>
         <name>copy_zero_init.obj</name>
      </input_file>
      <input_file id="fl-4c">
         <path>/opt/ti/ccsv6/tools/compiler/ti-cgt-msp430_4.4.4/lib/</path>
         <kind>archive</kind>
         <file>rts430_eabi.lib</file>
         <name>ctype.obj</name>
      </input_file>
      <input_file id="fl-4d">
         <path>/opt/ti/ccsv6/tools/compiler/ti-cgt-msp430_4.4.4/lib/</path>
         <kind>archive</kind>
         <file>rts430_eabi.lib</file>
         <name>div16s.obj</name>
      </input_file>
      <input_file id="fl-4e">
         <path>/opt/ti/ccsv6/tools/compiler/ti-cgt-msp430_4.4.4/lib/</path>
         <kind>archive</kind>
         <file>rts430_eabi.lib</file>
         <name>div16u.obj</name>
      </input_file>
      <input_file id="fl-4f">
         <path>/opt/ti/ccsv6/tools/compiler/ti-cgt-msp430_4.4.4/lib/</path>
         <kind>archive</kind>
         <file>rts430_eabi.lib</file>
         <name>epilog.obj</name>
      </input_file>
      <input_file id="fl-50">
         <path>/opt/ti/ccsv6/tools/compiler/ti-cgt-msp430_4.4.4/lib/</path>
         <kind>archive</kind>
         <file>rts430_eabi.lib</file>
         <name>exit.obj</name>
      </input_file>
      <input_file id="fl-51">
         <path>/opt/ti/ccsv6/tools/compiler/ti-cgt-msp430_4.4.4/lib/</path>
         <kind>archive</kind>
         <file>rts430_eabi.lib</file>
         <name>int00.obj</name>
      </input_file>
      <input_file id="fl-52">
         <path>/opt/ti/ccsv6/tools/compiler/ti-cgt-msp430_4.4.4/lib/</path>
         <kind>archive</kind>
         <file>rts430_eabi.lib</file>
         <name>int02.obj</name>
      </input_file>
      <input_file id="fl-53">
         <path>/opt/ti/ccsv6/tools/compiler/ti-cgt-msp430_4.4.4/lib/</path>
         <kind>archive</kind>
         <file>rts430_eabi.lib</file>
         <name>int03.obj</name>
      </input_file>
      <input_file id="fl-54">
         <path>/opt/ti/ccsv6/tools/compiler/ti-cgt-msp430_4.4.4/lib/</path>
         <kind>archive</kind>
         <file>rts430_eabi.lib</file>
         <name>int05.obj</name>
      </input_file>
      <input_file id="fl-55">
         <path>/opt/ti/ccsv6/tools/compiler/ti-cgt-msp430_4.4.4/lib/</path>
         <kind>archive</kind>
         <file>rts430_eabi.lib</file>
         <name>int06.obj</name>
      </input_file>
      <input_file id="fl-56">
         <path>/opt/ti/ccsv6/tools/compiler/ti-cgt-msp430_4.4.4/lib/</path>
         <kind>archive</kind>
         <file>rts430_eabi.lib</file>
         <name>int08.obj</name>
      </input_file>
      <input_file id="fl-57">
         <path>/opt/ti/ccsv6/tools/compiler/ti-cgt-msp430_4.4.4/lib/</path>
         <kind>archive</kind>
         <file>rts430_eabi.lib</file>
         <name>int10.obj</name>
      </input_file>
      <input_file id="fl-58">
         <path>/opt/ti/ccsv6/tools/compiler/ti-cgt-msp430_4.4.4/lib/</path>
         <kind>archive</kind>
         <file>rts430_eabi.lib</file>
         <name>int11.obj</name>
      </input_file>
      <input_file id="fl-59">
         <path>/opt/ti/ccsv6/tools/compiler/ti-cgt-msp430_4.4.4/lib/</path>
         <kind>archive</kind>
         <file>rts430_eabi.lib</file>
         <name>int12.obj</name>
      </input_file>
      <input_file id="fl-5a">
         <path>/opt/ti/ccsv6/tools/compiler/ti-cgt-msp430_4.4.4/lib/</path>
         <kind>archive</kind>
         <file>rts430_eabi.lib</file>
         <name>int13.obj</name>
      </input_file>
      <input_file id="fl-5b">
         <path>/opt/ti/ccsv6/tools/compiler/ti-cgt-msp430_4.4.4/lib/</path>
         <kind>archive</kind>
         <file>rts430_eabi.lib</file>
         <name>int14.obj</name>
      </input_file>
      <input_file id="fl-5c">
         <path>/opt/ti/ccsv6/tools/compiler/ti-cgt-msp430_4.4.4/lib/</path>
         <kind>archive</kind>
         <file>rts430_eabi.lib</file>
         <name>isr_trap.obj</name>
      </input_file>
      <input_file id="fl-5d">
         <path>/opt/ti/ccsv6/tools/compiler/ti-cgt-msp430_4.4.4/lib/</path>
         <kind>archive</kind>
         <file>rts430_eabi.lib</file>
         <name>memcpy.obj</name>
      </input_file>
      <input_file id="fl-5e">
         <path>/opt/ti/ccsv6/tools/compiler/ti-cgt-msp430_4.4.4/lib/</path>
         <kind>archive</kind>
         <file>rts430_eabi.lib</file>
         <name>mpu_init.obj</name>
      </input_file>
      <input_file id="fl-5f">
         <path>/opt/ti/ccsv6/tools/compiler/ti-cgt-msp430_4.4.4/lib/</path>
         <kind>archive</kind>
         <file>rts430_eabi.lib</file>
         <name>mult16.obj</name>
      </input_file>
      <input_file id="fl-60">
         <path>/opt/ti/ccsv6/tools/compiler/ti-cgt-msp430_4.4.4/lib/</path>
         <kind>archive</kind>
         <file>rts430_eabi.lib</file>
         <name>sprintf.obj</name>
      </input_file>
      <input_file id="fl-61">
         <path>/opt/ti/ccsv6/tools/compiler/ti-cgt-msp430_4.4.4/lib/</path>
         <kind>archive</kind>
         <file>rts430_eabi.lib</file>
         <name>strcmp.obj</name>
      </input_file>
      <input_file id="fl-62">
         <path>/opt/ti/ccsv6/tools/compiler/ti-cgt-msp430_4.4.4/lib/</path>
         <kind>archive</kind>
         <file>rts430_eabi.lib</file>
         <name>strstr.obj</name>
      </input_file>
      <input_file id="fl-63">
         <path>/opt/ti/ccsv6/tools/compiler/ti-cgt-msp430_4.4.4/lib/</path>
         <kind>archive</kind>
         <file>rts430_eabi.lib</file>
         <name>strtok.obj</name>
      </input_file>
      <input_file id="fl-64">
         <path>/opt/ti/ccsv6/tools/compiler/ti-cgt-msp430_4.4.4/lib/</path>
         <kind>archive</kind>
         <file>rts430_eabi.lib</file>
         <name>_lock.obj</name>
      </input_file>
      <input_file id="fl-65">
         <path>/opt/ti/ccsv6/tools/compiler/ti-cgt-msp430_4.4.4/lib/</path>
         <kind>archive</kind>
         <file>rts430_eabi.lib</file>
         <name>_printfi_min.obj</name>
      </input_file>
      <input_file id="fl-66">
         <path>/opt/ti/ccsv6/tools/compiler/ti-cgt-msp430_4.4.4/lib/</path>
         <kind>archive</kind>
         <file>rts430_eabi.lib</file>
         <name>lsr16.obj</name>
      </input_file>
      <input_file id="fl-67">
         <path>/opt/ti/ccsv6/tools/compiler/ti-cgt-msp430_4.4.4/lib/</path>
         <kind>archive</kind>
         <file>rts430_eabi.lib</file>
         <name>memccpy.obj</name>
      </input_file>
      <input_file id="fl-68">
         <path>/opt/ti/ccsv6/tools/compiler/ti-cgt-msp430_4.4.4/lib/</path>
         <kind>archive</kind>
         <file>rts430_eabi.lib</file>
         <name>memset.obj</name>
      </input_file>
      <input_file id="fl-69">
         <path>/opt/ti/ccsv6/tools/compiler/ti-cgt-msp430_4.4.4/lib/</path>
         <kind>archive</kind>
         <file>rts430_eabi.lib</file>
         <name>strcspn.obj</name>
      </input_file>
      <input_file id="fl-6a">
         <path>/opt/ti/ccsv6/tools/compiler/ti-cgt-msp430_4.4.4/lib/</path>
         <kind>archive</kind>
         <file>rts430_eabi.lib</file>
         <name>strlen.obj</name>
      </input_file>
      <input_file id="fl-6b">
         <path>/opt/ti/ccsv6/tools/compiler/ti-cgt-msp430_4.4.4/lib/</path>
         <kind>archive</kind>
         <file>rts430_eabi.lib</file>
         <name>strspn.obj</name>
      </input_file>
   </input_file_list>
   <object_component_list>
      <object_component id="oc-243">
         <name>.common:time_str</name>
         <uninitialized>true</uninitialized>
         <run_address>0x350</run_address>
         <size>0x1a</size>
      </object_component>
      <object_component id="oc-120">
         <name>.common:input_buffer</name>
         <uninitialized>true</uninitialized>
         <run_address>0x2d0</run_address>
         <size>0x80</size>
      </object_component>
      <object_component id="oc-140">
         <name>.common:current</name>
         <uninitialized>true</uninitialized>
         <run_address>0x374</run_address>
         <size>0x3</size>
      </object_component>
      <object_component id="oc-12a">
         <name>.common:time_formated</name>
         <uninitialized>true</uninitialized>
         <run_address>0x36a</run_address>
         <size>0xa</size>
      </object_component>
      <object_component id="oc-92">
         <name>.stack</name>
         <uninitialized>true</uninitialized>
         <run_address>0x3c0</run_address>
         <size>0x2</size>
         <input_file_ref idref="fl-11"/>
      </object_component>
      <object_component id="oc-387">
         <name>.stack</name>
         <uninitialized>true</uninitialized>
         <run_address>0x3c0</run_address>
         <size>0x0</size>
      </object_component>
      <object_component id="oc-141">
         <name>.text:show_clock</name>
         <load_address>0xc000</load_address>
         <run_address>0xc000</run_address>
         <size>0x1ce</size>
         <input_file_ref idref="fl-2"/>
      </object_component>
      <object_component id="oc-2ea">
         <name>.text:_setfield</name>
         <load_address>0xc1ce</load_address>
         <run_address>0xc1ce</run_address>
         <size>0x116</size>
         <input_file_ref idref="fl-65"/>
      </object_component>
      <object_component id="oc-2c7">
         <name>.text:__TI_printfi_minimal</name>
         <load_address>0xc2e4</load_address>
         <run_address>0xc2e4</run_address>
         <size>0xca</size>
         <input_file_ref idref="fl-65"/>
      </object_component>
      <object_component id="oc-b5">
         <name>.text:USCI0RX_ISR_HOOK</name>
         <load_address>0xc3ae</load_address>
         <run_address>0xc3ae</run_address>
         <size>0xac</size>
         <input_file_ref idref="fl-4"/>
      </object_component>
      <object_component id="oc-ee">
         <name>.text:main</name>
         <load_address>0xc45a</load_address>
         <run_address>0xc45a</run_address>
         <size>0x8e</size>
         <input_file_ref idref="fl-3"/>
      </object_component>
      <object_component id="oc-177">
         <name>.text:showStrip</name>
         <load_address>0xc4e8</load_address>
         <run_address>0xc4e8</run_address>
         <size>0x8c</size>
         <input_file_ref idref="fl-6"/>
      </object_component>
      <object_component id="oc-a3">
         <name>.text:__TI_decompress_rle_core</name>
         <load_address>0xc574</load_address>
         <run_address>0xc574</run_address>
         <size>0x64</size>
         <input_file_ref idref="fl-4a"/>
      </object_component>
      <object_component id="oc-ce">
         <name>.text:_auto_init</name>
         <load_address>0xc5d8</load_address>
         <run_address>0xc5d8</run_address>
         <size>0x64</size>
         <input_file_ref idref="fl-14"/>
      </object_component>
      <object_component id="oc-15f">
         <name>.text:parse_time</name>
         <load_address>0xc63c</load_address>
         <run_address>0xc63c</run_address>
         <size>0x58</size>
         <input_file_ref idref="fl-5"/>
      </object_component>
      <object_component id="oc-32d">
         <name>.text:_ltostr</name>
         <load_address>0xc694</load_address>
         <run_address>0xc694</run_address>
         <size>0x56</size>
         <input_file_ref idref="fl-65"/>
      </object_component>
      <object_component id="oc-23c">
         <name>.text:atoi</name>
         <load_address>0xc6ea</load_address>
         <run_address>0xc6ea</run_address>
         <size>0x52</size>
         <input_file_ref idref="fl-48"/>
      </object_component>
      <object_component id="oc-313">
         <name>.text:_pproc_diouxp</name>
         <load_address>0xc73c</load_address>
         <run_address>0xc73c</run_address>
         <size>0x4e</size>
         <input_file_ref idref="fl-65"/>
      </object_component>
      <object_component id="oc-236">
         <name>.text:strtok</name>
         <load_address>0xc78a</load_address>
         <run_address>0xc78a</run_address>
         <size>0x4e</size>
         <input_file_ref idref="fl-63"/>
      </object_component>
      <object_component id="oc-347">
         <name>.text</name>
         <load_address>0xc7d8</load_address>
         <run_address>0xc7d8</run_address>
         <size>0x4c</size>
         <input_file_ref idref="fl-66"/>
      </object_component>
      <object_component id="oc-2f0">
         <name>.text:_pproc_str</name>
         <load_address>0xc824</load_address>
         <run_address>0xc824</run_address>
         <size>0x48</size>
         <input_file_ref idref="fl-65"/>
      </object_component>
      <object_component id="oc-165">
         <name>.text:set_time</name>
         <load_address>0xc86c</load_address>
         <run_address>0xc86c</run_address>
         <size>0x42</size>
         <input_file_ref idref="fl-5"/>
      </object_component>
      <object_component id="oc-20a">
         <name>.text:GPIO_graceInit</name>
         <load_address>0xc8ae</load_address>
         <run_address>0xc8ae</run_address>
         <size>0x3c</size>
         <input_file_ref idref="fl-16"/>
      </object_component>
      <object_component id="oc-17e">
         <name>.text:print_string</name>
         <load_address>0xc8ea</load_address>
         <run_address>0xc8ea</run_address>
         <size>0x3a</size>
         <input_file_ref idref="fl-4"/>
      </object_component>
      <object_component id="oc-246">
         <name>.text:sprintf</name>
         <load_address>0xc924</load_address>
         <run_address>0xc924</run_address>
         <size>0x38</size>
         <input_file_ref idref="fl-60"/>
      </object_component>
      <object_component id="oc-13a">
         <name>.text:tick</name>
         <load_address>0xc95c</load_address>
         <run_address>0xc95c</run_address>
         <size>0x38</size>
         <input_file_ref idref="fl-5"/>
      </object_component>
      <object_component id="oc-124">
         <name>.text:strstr</name>
         <load_address>0xc994</load_address>
         <run_address>0xc994</run_address>
         <size>0x36</size>
         <input_file_ref idref="fl-62"/>
      </object_component>
      <object_component id="oc-210">
         <name>.text:BCSplus_graceInit</name>
         <load_address>0xc9ca</load_address>
         <run_address>0xc9ca</run_address>
         <size>0x34</size>
         <input_file_ref idref="fl-17"/>
      </object_component>
      <object_component id="oc-327">
         <name>.text:_getarg_diouxp</name>
         <load_address>0xc9fe</load_address>
         <run_address>0xc9fe</run_address>
         <size>0x2e</size>
         <input_file_ref idref="fl-65"/>
      </object_component>
      <object_component id="oc-171">
         <name>.text:fillStrip</name>
         <load_address>0xca2c</load_address>
         <run_address>0xca2c</run_address>
         <size>0x2e</size>
         <input_file_ref idref="fl-6"/>
      </object_component>
      <object_component id="oc-16b">
         <name>.text:initStrip</name>
         <load_address>0xca5a</load_address>
         <run_address>0xca5a</run_address>
         <size>0x2c</size>
         <input_file_ref idref="fl-6"/>
      </object_component>
      <object_component id="oc-1b0">
         <name>.text</name>
         <load_address>0xca86</load_address>
         <run_address>0xca86</run_address>
         <size>0x2c</size>
         <input_file_ref idref="fl-47"/>
      </object_component>
      <object_component id="oc-1ba">
         <name>.text</name>
         <load_address>0xcab2</load_address>
         <run_address>0xcab2</run_address>
         <size>0x2c</size>
         <input_file_ref idref="fl-4d"/>
      </object_component>
      <object_component id="oc-2ac">
         <name>.text:strcspn</name>
         <load_address>0xcade</load_address>
         <run_address>0xcade</run_address>
         <size>0x28</size>
         <input_file_ref idref="fl-69"/>
      </object_component>
      <object_component id="oc-2a6">
         <name>.text:strspn</name>
         <load_address>0xcb06</load_address>
         <run_address>0xcb06</run_address>
         <size>0x28</size>
         <input_file_ref idref="fl-6b"/>
      </object_component>
      <object_component id="oc-6b">
         <name>.text:_c_int00_noargs_noexit</name>
         <load_address>0xcb2e</load_address>
         <run_address>0xcb2e</run_address>
         <size>0x26</size>
         <input_file_ref idref="fl-12"/>
      </object_component>
      <object_component id="oc-159">
         <name>.text:Grace_init</name>
         <load_address>0xcb54</load_address>
         <run_address>0xcb54</run_address>
         <size>0x24</size>
         <input_file_ref idref="fl-15"/>
      </object_component>
      <object_component id="oc-222">
         <name>.text:System_graceInit</name>
         <load_address>0xcb78</load_address>
         <run_address>0xcb78</run_address>
         <size>0x24</size>
         <input_file_ref idref="fl-1a"/>
      </object_component>
      <object_component id="oc-bb">
         <name>.text:TIMER0_A0_ISR_HOOK</name>
         <load_address>0xcb9c</load_address>
         <run_address>0xcb9c</run_address>
         <size>0x22</size>
         <input_file_ref idref="fl-3"/>
      </object_component>
      <object_component id="oc-1bf">
         <name>.text:setLEDColor</name>
         <load_address>0xcbbe</load_address>
         <run_address>0xcbbe</run_address>
         <size>0x20</size>
         <input_file_ref idref="fl-6"/>
      </object_component>
      <object_component id="oc-216">
         <name>.text:USCI_A0_graceInit</name>
         <load_address>0xcbde</load_address>
         <run_address>0xcbde</run_address>
         <size>0x1c</size>
         <input_file_ref idref="fl-18"/>
      </object_component>
      <object_component id="oc-2bb">
         <name>.text:_outs</name>
         <load_address>0xcbfa</load_address>
         <run_address>0xcbfa</run_address>
         <size>0x1a</size>
         <input_file_ref idref="fl-60"/>
      </object_component>
      <object_component id="oc-319">
         <name>.text:memccpy</name>
         <load_address>0xcc14</load_address>
         <run_address>0xcc14</run_address>
         <size>0x1a</size>
         <input_file_ref idref="fl-67"/>
      </object_component>
      <object_component id="oc-33e">
         <name>.text:_div</name>
         <load_address>0xcc2e</load_address>
         <run_address>0xcc2e</run_address>
         <size>0x18</size>
         <input_file_ref idref="fl-65"/>
      </object_component>
      <object_component id="oc-133">
         <name>.text:strcmp</name>
         <load_address>0xcc46</load_address>
         <run_address>0xcc46</run_address>
         <size>0x18</size>
         <input_file_ref idref="fl-61"/>
      </object_component>
      <object_component id="oc-263">
         <name>.text</name>
         <load_address>0xcc5e</load_address>
         <run_address>0xcc5e</run_address>
         <size>0x16</size>
         <input_file_ref idref="fl-4e"/>
      </object_component>
      <object_component id="oc-228">
         <name>.text:Timer0_A3_graceInit</name>
         <load_address>0xcc74</load_address>
         <run_address>0xcc74</run_address>
         <size>0x14</size>
         <input_file_ref idref="fl-1b"/>
      </object_component>
      <object_component id="oc-4d">
         <name>.text:decompress:ZI:__TI_zero_init</name>
         <load_address>0xcc88</load_address>
         <run_address>0xcc88</run_address>
         <size>0x14</size>
         <input_file_ref idref="fl-4b"/>
      </object_component>
      <object_component id="oc-30c">
         <name>.text:memset</name>
         <load_address>0xcc9c</load_address>
         <run_address>0xcc9c</run_address>
         <size>0x14</size>
         <input_file_ref idref="fl-68"/>
      </object_component>
      <object_component id="oc-1b5">
         <name>.text</name>
         <load_address>0xccb0</load_address>
         <run_address>0xccb0</run_address>
         <size>0x14</size>
         <input_file_ref idref="fl-5f"/>
      </object_component>
      <object_component id="oc-2c1">
         <name>.text:_outc</name>
         <load_address>0xccc4</load_address>
         <run_address>0xccc4</run_address>
         <size>0x12</size>
         <input_file_ref idref="fl-60"/>
      </object_component>
      <object_component id="oc-34">
         <name>.text:decompress:none:__TI_decompress_none</name>
         <load_address>0xccd6</load_address>
         <run_address>0xccd6</run_address>
         <size>0x12</size>
         <input_file_ref idref="fl-49"/>
      </object_component>
      <object_component id="oc-96">
         <name>.text:memcpy</name>
         <load_address>0xcce8</load_address>
         <run_address>0xcce8</run_address>
         <size>0x12</size>
         <input_file_ref idref="fl-5d"/>
      </object_component>
      <object_component id="oc-114">
         <name>.text</name>
         <load_address>0xccfa</load_address>
         <run_address>0xccfa</run_address>
         <size>0x10</size>
         <input_file_ref idref="fl-4f"/>
      </object_component>
      <object_component id="oc-2e4">
         <name>.text:strlen</name>
         <load_address>0xcd0a</load_address>
         <run_address>0xcd0a</run_address>
         <size>0xe</size>
         <input_file_ref idref="fl-6a"/>
      </object_component>
      <object_component id="oc-24d">
         <name>.text:clearStrip</name>
         <load_address>0xcd18</load_address>
         <run_address>0xcd18</run_address>
         <size>0xc</size>
         <input_file_ref idref="fl-6"/>
      </object_component>
      <object_component id="oc-22e">
         <name>.text:WDTplus_graceInit</name>
         <load_address>0xcd24</load_address>
         <run_address>0xcd24</run_address>
         <size>0x8</size>
         <input_file_ref idref="fl-1c"/>
      </object_component>
      <object_component id="oc-b0">
         <name>.text:_isr:__TI_ISR_TRAP</name>
         <load_address>0xcd2c</load_address>
         <run_address>0xcd2c</run_address>
         <size>0x6</size>
         <input_file_ref idref="fl-5c"/>
      </object_component>
      <object_component id="oc-3a">
         <name>.text:decompress:rle24:__TI_decompress_rle24</name>
         <load_address>0xcd32</load_address>
         <run_address>0xcd32</run_address>
         <size>0x6</size>
         <input_file_ref idref="fl-4a"/>
      </object_component>
      <object_component id="oc-c8">
         <name>.text:_system_pre_init</name>
         <load_address>0xcd38</load_address>
         <run_address>0xcd38</run_address>
         <size>0x4</size>
         <input_file_ref idref="fl-13"/>
      </object_component>
      <object_component id="oc-e7">
         <name>.text:abort</name>
         <load_address>0xcd3c</load_address>
         <run_address>0xcd3c</run_address>
         <size>0x4</size>
         <input_file_ref idref="fl-50"/>
      </object_component>
      <object_component id="oc-21c">
         <name>.text:InterruptVectors_graceInit</name>
         <load_address>0xcd40</load_address>
         <run_address>0xcd40</run_address>
         <size>0x2</size>
         <input_file_ref idref="fl-19"/>
      </object_component>
      <object_component id="oc-386">
         <name>.cinit..data.load</name>
         <load_address>0xceae</load_address>
         <run_address>0xceae</run_address>
         <size>0x20</size>
      </object_component>
      <object_component id="oc-383">
         <name>__TI_handler_table</name>
         <load_address>0xcece</load_address>
         <run_address>0xcece</run_address>
         <size>0x6</size>
      </object_component>
      <object_component id="oc-385">
         <name>.cinit..bss.load</name>
         <load_address>0xced4</load_address>
         <run_address>0xced4</run_address>
         <size>0x4</size>
      </object_component>
      <object_component id="oc-384">
         <name>__TI_cinit_table</name>
         <load_address>0xced8</load_address>
         <run_address>0xced8</run_address>
         <size>0x8</size>
      </object_component>
      <object_component id="oc-2b4">
         <name>.const:.string:_ctypes_</name>
         <load_address>0xcd42</load_address>
         <run_address>0xcd42</run_address>
         <size>0x101</size>
         <input_file_ref idref="fl-4c"/>
      </object_component>
      <object_component id="oc-235">
         <name>.const:.string</name>
         <load_address>0xce44</load_address>
         <run_address>0xce44</run_address>
         <size>0x30</size>
         <input_file_ref idref="fl-5"/>
      </object_component>
      <object_component id="oc-312">
         <name>.const:.string</name>
         <load_address>0xce74</load_address>
         <run_address>0xce74</run_address>
         <size>0x14</size>
         <input_file_ref idref="fl-65"/>
      </object_component>
      <object_component id="oc-123">
         <name>.const:.string</name>
         <load_address>0xce88</load_address>
         <run_address>0xce88</run_address>
         <size>0x14</size>
         <input_file_ref idref="fl-4"/>
      </object_component>
      <object_component id="oc-17d">
         <name>.const:.string</name>
         <load_address>0xce9c</load_address>
         <run_address>0xce9c</run_address>
         <size>0x12</size>
         <input_file_ref idref="fl-3"/>
      </object_component>
      <object_component id="oc-40">
         <name>.int00</name>
         <load_address>0xffe0</load_address>
         <run_address>0xffe0</run_address>
         <size>0x2</size>
         <input_file_ref idref="fl-51"/>
      </object_component>
      <object_component id="oc-41">
         <name>.int02</name>
         <load_address>0xffe4</load_address>
         <run_address>0xffe4</run_address>
         <size>0x2</size>
         <input_file_ref idref="fl-52"/>
      </object_component>
      <object_component id="oc-42">
         <name>.int03</name>
         <load_address>0xffe6</load_address>
         <run_address>0xffe6</run_address>
         <size>0x2</size>
         <input_file_ref idref="fl-53"/>
      </object_component>
      <object_component id="oc-43">
         <name>.int05</name>
         <load_address>0xffea</load_address>
         <run_address>0xffea</run_address>
         <size>0x2</size>
         <input_file_ref idref="fl-54"/>
      </object_component>
      <object_component id="oc-44">
         <name>.int06</name>
         <load_address>0xffec</load_address>
         <run_address>0xffec</run_address>
         <size>0x2</size>
         <input_file_ref idref="fl-55"/>
      </object_component>
      <object_component id="oc-45">
         <name>.int07</name>
         <load_address>0xffee</load_address>
         <run_address>0xffee</run_address>
         <size>0x2</size>
         <input_file_ref idref="fl-4"/>
      </object_component>
      <object_component id="oc-46">
         <name>.int08</name>
         <load_address>0xfff0</load_address>
         <run_address>0xfff0</run_address>
         <size>0x2</size>
         <input_file_ref idref="fl-56"/>
      </object_component>
      <object_component id="oc-47">
         <name>.int09</name>
         <load_address>0xfff2</load_address>
         <run_address>0xfff2</run_address>
         <size>0x2</size>
         <input_file_ref idref="fl-3"/>
      </object_component>
      <object_component id="oc-48">
         <name>.int10</name>
         <load_address>0xfff4</load_address>
         <run_address>0xfff4</run_address>
         <size>0x2</size>
         <input_file_ref idref="fl-57"/>
      </object_component>
      <object_component id="oc-49">
         <name>.int11</name>
         <load_address>0xfff6</load_address>
         <run_address>0xfff6</run_address>
         <size>0x2</size>
         <input_file_ref idref="fl-58"/>
      </object_component>
      <object_component id="oc-4a">
         <name>.int12</name>
         <load_address>0xfff8</load_address>
         <run_address>0xfff8</run_address>
         <size>0x2</size>
         <input_file_ref idref="fl-59"/>
      </object_component>
      <object_component id="oc-4b">
         <name>.int13</name>
         <load_address>0xfffa</load_address>
         <run_address>0xfffa</run_address>
         <size>0x2</size>
         <input_file_ref idref="fl-5a"/>
      </object_component>
      <object_component id="oc-4c">
         <name>.int14</name>
         <load_address>0xfffc</load_address>
         <run_address>0xfffc</run_address>
         <size>0x2</size>
         <input_file_ref idref="fl-5b"/>
      </object_component>
      <object_component id="oc-95">
         <name>.reset</name>
         <load_address>0xfffe</load_address>
         <run_address>0xfffe</run_address>
         <size>0x2</size>
         <input_file_ref idref="fl-11"/>
      </object_component>
      <object_component id="oc-8f">
         <name>xdc.meta</name>
         <load_address>0x0</load_address>
         <run_address>0x0</run_address>
         <size>0xe6</size>
         <input_file_ref idref="fl-a"/>
      </object_component>
      <object_component id="oc-1ad">
         <name>.data</name>
         <load_address>0x2b4</load_address>
         <run_address>0x2b4</run_address>
         <size>0x16</size>
         <input_file_ref idref="fl-2"/>
      </object_component>
      <object_component id="oc-130">
         <name>.data</name>
         <load_address>0x2ca</load_address>
         <run_address>0x2ca</run_address>
         <size>0x2</size>
         <input_file_ref idref="fl-3"/>
      </object_component>
      <object_component id="oc-11d">
         <name>.data</name>
         <load_address>0x2ce</load_address>
         <run_address>0x2ce</run_address>
         <size>0x1</size>
         <input_file_ref idref="fl-4"/>
      </object_component>
      <object_component id="oc-12d">
         <name>.data</name>
         <load_address>0x2cf</load_address>
         <run_address>0x2cf</run_address>
         <size>0x1</size>
         <input_file_ref idref="fl-5"/>
      </object_component>
      <object_component id="oc-255">
         <name>.data:leds</name>
         <load_address>0x200</load_address>
         <run_address>0x200</run_address>
         <size>0xb4</size>
         <input_file_ref idref="fl-6"/>
      </object_component>
      <object_component id="oc-2a3">
         <name>.data</name>
         <load_address>0x2cc</load_address>
         <run_address>0x2cc</run_address>
         <size>0x2</size>
         <input_file_ref idref="fl-63"/>
      </object_component>
      <object_component id="oc-1c6">
         <name>.debug_info</name>
         <load_address>0x0</load_address>
         <run_address>0x0</run_address>
         <size>0x1ad</size>
         <input_file_ref idref="fl-2"/>
      </object_component>
      <object_component id="oc-1ae">
         <name>.debug_info</name>
         <load_address>0x1ad</load_address>
         <run_address>0x1ad</run_address>
         <size>0x238</size>
         <input_file_ref idref="fl-2"/>
      </object_component>
      <object_component id="oc-142">
         <name>.debug_info</name>
         <load_address>0x3e5</load_address>
         <run_address>0x3e5</run_address>
         <size>0x244</size>
         <input_file_ref idref="fl-2"/>
      </object_component>
      <object_component id="oc-1c7">
         <name>.debug_info</name>
         <load_address>0x629</load_address>
         <run_address>0x629</run_address>
         <size>0x8c</size>
         <input_file_ref idref="fl-2"/>
      </object_component>
      <object_component id="oc-19d">
         <name>.debug_info</name>
         <load_address>0x6b5</load_address>
         <run_address>0x6b5</run_address>
         <size>0xc8</size>
         <input_file_ref idref="fl-2"/>
      </object_component>
      <object_component id="oc-101">
         <name>.debug_info</name>
         <load_address>0x77d</load_address>
         <run_address>0x77d</run_address>
         <size>0x84</size>
         <input_file_ref idref="fl-2"/>
      </object_component>
      <object_component id="oc-191">
         <name>.debug_info</name>
         <load_address>0x801</load_address>
         <run_address>0x801</run_address>
         <size>0x18b</size>
         <input_file_ref idref="fl-2"/>
      </object_component>
      <object_component id="oc-26c">
         <name>.debug_info</name>
         <load_address>0x98c</load_address>
         <run_address>0x98c</run_address>
         <size>0x2c</size>
         <input_file_ref idref="fl-2"/>
      </object_component>
      <object_component id="oc-185">
         <name>.debug_info</name>
         <load_address>0x9b8</load_address>
         <run_address>0x9b8</run_address>
         <size>0x69</size>
         <input_file_ref idref="fl-2"/>
      </object_component>
      <object_component id="oc-244">
         <name>.debug_info</name>
         <load_address>0xa21</load_address>
         <run_address>0xa21</run_address>
         <size>0x340</size>
         <input_file_ref idref="fl-3"/>
      </object_component>
      <object_component id="oc-131">
         <name>.debug_info</name>
         <load_address>0xd61</load_address>
         <run_address>0xd61</run_address>
         <size>0xd0</size>
         <input_file_ref idref="fl-3"/>
      </object_component>
      <object_component id="oc-ef">
         <name>.debug_info</name>
         <load_address>0xe31</load_address>
         <run_address>0xe31</run_address>
         <size>0x19d</size>
         <input_file_ref idref="fl-3"/>
      </object_component>
      <object_component id="oc-bc">
         <name>.debug_info</name>
         <load_address>0xfce</load_address>
         <run_address>0xfce</run_address>
         <size>0x121</size>
         <input_file_ref idref="fl-3"/>
      </object_component>
      <object_component id="oc-198">
         <name>.debug_info</name>
         <load_address>0x10ef</load_address>
         <run_address>0x10ef</run_address>
         <size>0x63</size>
         <input_file_ref idref="fl-3"/>
      </object_component>
      <object_component id="oc-121">
         <name>.debug_info</name>
         <load_address>0x1152</load_address>
         <run_address>0x1152</run_address>
         <size>0x2e4</size>
         <input_file_ref idref="fl-4"/>
      </object_component>
      <object_component id="oc-11e">
         <name>.debug_info</name>
         <load_address>0x1436</load_address>
         <run_address>0x1436</run_address>
         <size>0xce</size>
         <input_file_ref idref="fl-4"/>
      </object_component>
      <object_component id="oc-17f">
         <name>.debug_info</name>
         <load_address>0x1504</load_address>
         <run_address>0x1504</run_address>
         <size>0x13e</size>
         <input_file_ref idref="fl-4"/>
      </object_component>
      <object_component id="oc-b6">
         <name>.debug_info</name>
         <load_address>0x1642</load_address>
         <run_address>0x1642</run_address>
         <size>0x166</size>
         <input_file_ref idref="fl-4"/>
      </object_component>
      <object_component id="oc-12b">
         <name>.debug_info</name>
         <load_address>0x17a8</load_address>
         <run_address>0x17a8</run_address>
         <size>0x2b4</size>
         <input_file_ref idref="fl-5"/>
      </object_component>
      <object_component id="oc-12e">
         <name>.debug_info</name>
         <load_address>0x1a5c</load_address>
         <run_address>0x1a5c</run_address>
         <size>0xca</size>
         <input_file_ref idref="fl-5"/>
      </object_component>
      <object_component id="oc-13b">
         <name>.debug_info</name>
         <load_address>0x1b26</load_address>
         <run_address>0x1b26</run_address>
         <size>0xe8</size>
         <input_file_ref idref="fl-5"/>
      </object_component>
      <object_component id="oc-160">
         <name>.debug_info</name>
         <load_address>0x1c0e</load_address>
         <run_address>0x1c0e</run_address>
         <size>0x1d4</size>
         <input_file_ref idref="fl-5"/>
      </object_component>
      <object_component id="oc-166">
         <name>.debug_info</name>
         <load_address>0x1de2</load_address>
         <run_address>0x1de2</run_address>
         <size>0x140</size>
         <input_file_ref idref="fl-5"/>
      </object_component>
      <object_component id="oc-259">
         <name>.debug_info</name>
         <load_address>0x1f22</load_address>
         <run_address>0x1f22</run_address>
         <size>0x2b1</size>
         <input_file_ref idref="fl-6"/>
      </object_component>
      <object_component id="oc-256">
         <name>.debug_info</name>
         <load_address>0x21d3</load_address>
         <run_address>0x21d3</run_address>
         <size>0xc0</size>
         <input_file_ref idref="fl-6"/>
      </object_component>
      <object_component id="oc-16c">
         <name>.debug_info</name>
         <load_address>0x2293</load_address>
         <run_address>0x2293</run_address>
         <size>0x109</size>
         <input_file_ref idref="fl-6"/>
      </object_component>
      <object_component id="oc-1c0">
         <name>.debug_info</name>
         <load_address>0x239c</load_address>
         <run_address>0x239c</run_address>
         <size>0x154</size>
         <input_file_ref idref="fl-6"/>
      </object_component>
      <object_component id="oc-178">
         <name>.debug_info</name>
         <load_address>0x24f0</load_address>
         <run_address>0x24f0</run_address>
         <size>0x12f</size>
         <input_file_ref idref="fl-6"/>
      </object_component>
      <object_component id="oc-24e">
         <name>.debug_info</name>
         <load_address>0x261f</load_address>
         <run_address>0x261f</run_address>
         <size>0x10a</size>
         <input_file_ref idref="fl-6"/>
      </object_component>
      <object_component id="oc-172">
         <name>.debug_info</name>
         <load_address>0x2729</load_address>
         <run_address>0x2729</run_address>
         <size>0x167</size>
         <input_file_ref idref="fl-6"/>
      </object_component>
      <object_component id="oc-fe">
         <name>.debug_info</name>
         <load_address>0x2890</load_address>
         <run_address>0x2890</run_address>
         <size>0x1a4</size>
         <input_file_ref idref="fl-a"/>
      </object_component>
      <object_component id="oc-90">
         <name>.debug_info</name>
         <load_address>0x2a34</load_address>
         <run_address>0x2a34</run_address>
         <size>0x15f</size>
         <input_file_ref idref="fl-a"/>
      </object_component>
      <object_component id="oc-1e2">
         <name>.debug_info</name>
         <load_address>0x2b93</load_address>
         <run_address>0x2b93</run_address>
         <size>0xd5</size>
         <input_file_ref idref="fl-a"/>
      </object_component>
      <object_component id="oc-93">
         <name>.debug_info</name>
         <load_address>0x2c68</load_address>
         <run_address>0x2c68</run_address>
         <size>0xd4</size>
         <input_file_ref idref="fl-11"/>
      </object_component>
      <object_component id="oc-1ec">
         <name>.debug_info</name>
         <load_address>0x2d3c</load_address>
         <run_address>0x2d3c</run_address>
         <size>0x2c</size>
         <input_file_ref idref="fl-11"/>
      </object_component>
      <object_component id="oc-6c">
         <name>.debug_info</name>
         <load_address>0x2d68</load_address>
         <run_address>0x2d68</run_address>
         <size>0x1b2</size>
         <input_file_ref idref="fl-12"/>
      </object_component>
      <object_component id="oc-cc">
         <name>.debug_info</name>
         <load_address>0x2f1a</load_address>
         <run_address>0x2f1a</run_address>
         <size>0x11c</size>
         <input_file_ref idref="fl-13"/>
      </object_component>
      <object_component id="oc-14c">
         <name>.debug_info</name>
         <load_address>0x3036</load_address>
         <run_address>0x3036</run_address>
         <size>0x8ce</size>
         <input_file_ref idref="fl-14"/>
      </object_component>
      <object_component id="oc-d1">
         <name>.debug_info</name>
         <load_address>0x3904</load_address>
         <run_address>0x3904</run_address>
         <size>0x199</size>
         <input_file_ref idref="fl-14"/>
      </object_component>
      <object_component id="oc-1dd">
         <name>.debug_info</name>
         <load_address>0x3a9d</load_address>
         <run_address>0x3a9d</run_address>
         <size>0x2b4</size>
         <input_file_ref idref="fl-14"/>
      </object_component>
      <object_component id="oc-1ce">
         <name>.debug_info</name>
         <load_address>0x3d51</load_address>
         <run_address>0x3d51</run_address>
         <size>0x363</size>
         <input_file_ref idref="fl-14"/>
      </object_component>
      <object_component id="oc-276">
         <name>.debug_info</name>
         <load_address>0x40b4</load_address>
         <run_address>0x40b4</run_address>
         <size>0x2a1</size>
         <input_file_ref idref="fl-14"/>
      </object_component>
      <object_component id="oc-28f">
         <name>.debug_info</name>
         <load_address>0x4355</load_address>
         <run_address>0x4355</run_address>
         <size>0x237</size>
         <input_file_ref idref="fl-14"/>
      </object_component>
      <object_component id="oc-294">
         <name>.debug_info</name>
         <load_address>0x458c</load_address>
         <run_address>0x458c</run_address>
         <size>0x24b</size>
         <input_file_ref idref="fl-14"/>
      </object_component>
      <object_component id="oc-280">
         <name>.debug_info</name>
         <load_address>0x47d7</load_address>
         <run_address>0x47d7</run_address>
         <size>0x16d</size>
         <input_file_ref idref="fl-14"/>
      </object_component>
      <object_component id="oc-1e7">
         <name>.debug_info</name>
         <load_address>0x4944</load_address>
         <run_address>0x4944</run_address>
         <size>0x561</size>
         <input_file_ref idref="fl-14"/>
      </object_component>
      <object_component id="oc-285">
         <name>.debug_info</name>
         <load_address>0x4ea5</load_address>
         <run_address>0x4ea5</run_address>
         <size>0x14b</size>
         <input_file_ref idref="fl-14"/>
      </object_component>
      <object_component id="oc-1d8">
         <name>.debug_info</name>
         <load_address>0x4ff0</load_address>
         <run_address>0x4ff0</run_address>
         <size>0x39</size>
         <input_file_ref idref="fl-14"/>
      </object_component>
      <object_component id="oc-27b">
         <name>.debug_info</name>
         <load_address>0x5029</load_address>
         <run_address>0x5029</run_address>
         <size>0x12a</size>
         <input_file_ref idref="fl-14"/>
      </object_component>
      <object_component id="oc-108">
         <name>.debug_info</name>
         <load_address>0x5153</load_address>
         <run_address>0x5153</run_address>
         <size>0x2c</size>
         <input_file_ref idref="fl-14"/>
      </object_component>
      <object_component id="oc-1f1">
         <name>.debug_info</name>
         <load_address>0x517f</load_address>
         <run_address>0x517f</run_address>
         <size>0xcd</size>
         <input_file_ref idref="fl-14"/>
      </object_component>
      <object_component id="oc-1d3">
         <name>.debug_info</name>
         <load_address>0x524c</load_address>
         <run_address>0x524c</run_address>
         <size>0xb8c</size>
         <input_file_ref idref="fl-14"/>
      </object_component>
      <object_component id="oc-28a">
         <name>.debug_info</name>
         <load_address>0x5dd8</load_address>
         <run_address>0x5dd8</run_address>
         <size>0x9f</size>
         <input_file_ref idref="fl-14"/>
      </object_component>
      <object_component id="oc-271">
         <name>.debug_info</name>
         <load_address>0x5e77</load_address>
         <run_address>0x5e77</run_address>
         <size>0x69</size>
         <input_file_ref idref="fl-14"/>
      </object_component>
      <object_component id="oc-15a">
         <name>.debug_info</name>
         <load_address>0x5ee0</load_address>
         <run_address>0x5ee0</run_address>
         <size>0x1b0</size>
         <input_file_ref idref="fl-15"/>
      </object_component>
      <object_component id="oc-20b">
         <name>.debug_info</name>
         <load_address>0x6090</load_address>
         <run_address>0x6090</run_address>
         <size>0x106</size>
         <input_file_ref idref="fl-16"/>
      </object_component>
      <object_component id="oc-211">
         <name>.debug_info</name>
         <load_address>0x6196</load_address>
         <run_address>0x6196</run_address>
         <size>0x115</size>
         <input_file_ref idref="fl-17"/>
      </object_component>
      <object_component id="oc-217">
         <name>.debug_info</name>
         <load_address>0x62ab</load_address>
         <run_address>0x62ab</run_address>
         <size>0x115</size>
         <input_file_ref idref="fl-18"/>
      </object_component>
      <object_component id="oc-21d">
         <name>.debug_info</name>
         <load_address>0x63c0</load_address>
         <run_address>0x63c0</run_address>
         <size>0x142</size>
         <input_file_ref idref="fl-19"/>
      </object_component>
      <object_component id="oc-223">
         <name>.debug_info</name>
         <load_address>0x6502</load_address>
         <run_address>0x6502</run_address>
         <size>0x110</size>
         <input_file_ref idref="fl-1a"/>
      </object_component>
      <object_component id="oc-229">
         <name>.debug_info</name>
         <load_address>0x6612</load_address>
         <run_address>0x6612</run_address>
         <size>0x11f</size>
         <input_file_ref idref="fl-1b"/>
      </object_component>
      <object_component id="oc-22f">
         <name>.debug_info</name>
         <load_address>0x6731</load_address>
         <run_address>0x6731</run_address>
         <size>0x115</size>
         <input_file_ref idref="fl-1c"/>
      </object_component>
      <object_component id="oc-1b1">
         <name>.debug_info</name>
         <load_address>0x6846</load_address>
         <run_address>0x6846</run_address>
         <size>0xff</size>
         <input_file_ref idref="fl-47"/>
      </object_component>
      <object_component id="oc-2b8">
         <name>.debug_info</name>
         <load_address>0x6945</load_address>
         <run_address>0x6945</run_address>
         <size>0x169</size>
         <input_file_ref idref="fl-48"/>
      </object_component>
      <object_component id="oc-23d">
         <name>.debug_info</name>
         <load_address>0x6aae</load_address>
         <run_address>0x6aae</run_address>
         <size>0x168</size>
         <input_file_ref idref="fl-48"/>
      </object_component>
      <object_component id="oc-a2">
         <name>.debug_info</name>
         <load_address>0x6c16</load_address>
         <run_address>0x6c16</run_address>
         <size>0x195</size>
         <input_file_ref idref="fl-49"/>
      </object_component>
      <object_component id="oc-35">
         <name>.debug_info</name>
         <load_address>0x6dab</load_address>
         <run_address>0x6dab</run_address>
         <size>0x1c2</size>
         <input_file_ref idref="fl-49"/>
      </object_component>
      <object_component id="oc-9d">
         <name>.debug_info</name>
         <load_address>0x6f6d</load_address>
         <run_address>0x6f6d</run_address>
         <size>0x46</size>
         <input_file_ref idref="fl-49"/>
      </object_component>
      <object_component id="oc-10d">
         <name>.debug_info</name>
         <load_address>0x6fb3</load_address>
         <run_address>0x6fb3</run_address>
         <size>0x2c</size>
         <input_file_ref idref="fl-49"/>
      </object_component>
      <object_component id="oc-aa">
         <name>.debug_info</name>
         <load_address>0x6fdf</load_address>
         <run_address>0x6fdf</run_address>
         <size>0x157</size>
         <input_file_ref idref="fl-4a"/>
      </object_component>
      <object_component id="oc-a4">
         <name>.debug_info</name>
         <load_address>0x7136</load_address>
         <run_address>0x7136</run_address>
         <size>0x21d</size>
         <input_file_ref idref="fl-4a"/>
      </object_component>
      <object_component id="oc-3b">
         <name>.debug_info</name>
         <load_address>0x7353</load_address>
         <run_address>0x7353</run_address>
         <size>0x194</size>
         <input_file_ref idref="fl-4a"/>
      </object_component>
      <object_component id="oc-ab">
         <name>.debug_info</name>
         <load_address>0x74e7</load_address>
         <run_address>0x74e7</run_address>
         <size>0x39</size>
         <input_file_ref idref="fl-4a"/>
      </object_component>
      <object_component id="oc-c7">
         <name>.debug_info</name>
         <load_address>0x7520</load_address>
         <run_address>0x7520</run_address>
         <size>0x14d</size>
         <input_file_ref idref="fl-4b"/>
      </object_component>
      <object_component id="oc-4e">
         <name>.debug_info</name>
         <load_address>0x766d</load_address>
         <run_address>0x766d</run_address>
         <size>0x198</size>
         <input_file_ref idref="fl-4b"/>
      </object_component>
      <object_component id="oc-c2">
         <name>.debug_info</name>
         <load_address>0x7805</load_address>
         <run_address>0x7805</run_address>
         <size>0x46</size>
         <input_file_ref idref="fl-4b"/>
      </object_component>
      <object_component id="oc-2df">
         <name>.debug_info</name>
         <load_address>0x784b</load_address>
         <run_address>0x784b</run_address>
         <size>0xd1</size>
         <input_file_ref idref="fl-4c"/>
      </object_component>
      <object_component id="oc-2b5">
         <name>.debug_info</name>
         <load_address>0x791c</load_address>
         <run_address>0x791c</run_address>
         <size>0xdd</size>
         <input_file_ref idref="fl-4c"/>
      </object_component>
      <object_component id="oc-1bb">
         <name>.debug_info</name>
         <load_address>0x79f9</load_address>
         <run_address>0x79f9</run_address>
         <size>0x114</size>
         <input_file_ref idref="fl-4d"/>
      </object_component>
      <object_component id="oc-264">
         <name>.debug_info</name>
         <load_address>0x7b0d</load_address>
         <run_address>0x7b0d</run_address>
         <size>0x100</size>
         <input_file_ref idref="fl-4e"/>
      </object_component>
      <object_component id="oc-115">
         <name>.debug_info</name>
         <load_address>0x7c0d</load_address>
         <run_address>0x7c0d</run_address>
         <size>0x10d</size>
         <input_file_ref idref="fl-4f"/>
      </object_component>
      <object_component id="oc-e8">
         <name>.debug_info</name>
         <load_address>0x7d1a</load_address>
         <run_address>0x7d1a</run_address>
         <size>0xfa</size>
         <input_file_ref idref="fl-50"/>
      </object_component>
      <object_component id="oc-b1">
         <name>.debug_info</name>
         <load_address>0x7e14</load_address>
         <run_address>0x7e14</run_address>
         <size>0xee</size>
         <input_file_ref idref="fl-5c"/>
      </object_component>
      <object_component id="oc-107">
         <name>.debug_info</name>
         <load_address>0x7f02</load_address>
         <run_address>0x7f02</run_address>
         <size>0x150</size>
         <input_file_ref idref="fl-5d"/>
      </object_component>
      <object_component id="oc-97">
         <name>.debug_info</name>
         <load_address>0x8052</load_address>
         <run_address>0x8052</run_address>
         <size>0x174</size>
         <input_file_ref idref="fl-5d"/>
      </object_component>
      <object_component id="oc-1b6">
         <name>.debug_info</name>
         <load_address>0x81c6</load_address>
         <run_address>0x81c6</run_address>
         <size>0x100</size>
         <input_file_ref idref="fl-5f"/>
      </object_component>
      <object_component id="oc-2ce">
         <name>.debug_info</name>
         <load_address>0x82c6</load_address>
         <run_address>0x82c6</run_address>
         <size>0x210</size>
         <input_file_ref idref="fl-60"/>
      </object_component>
      <object_component id="oc-247">
         <name>.debug_info</name>
         <load_address>0x84d6</load_address>
         <run_address>0x84d6</run_address>
         <size>0x19a</size>
         <input_file_ref idref="fl-60"/>
      </object_component>
      <object_component id="oc-2bc">
         <name>.debug_info</name>
         <load_address>0x8670</load_address>
         <run_address>0x8670</run_address>
         <size>0x170</size>
         <input_file_ref idref="fl-60"/>
      </object_component>
      <object_component id="oc-2c2">
         <name>.debug_info</name>
         <load_address>0x87e0</load_address>
         <run_address>0x87e0</run_address>
         <size>0x145</size>
         <input_file_ref idref="fl-60"/>
      </object_component>
      <object_component id="oc-2ff">
         <name>.debug_info</name>
         <load_address>0x8925</load_address>
         <run_address>0x8925</run_address>
         <size>0x2c</size>
         <input_file_ref idref="fl-60"/>
      </object_component>
      <object_component id="oc-1ab">
         <name>.debug_info</name>
         <load_address>0x8951</load_address>
         <run_address>0x8951</run_address>
         <size>0x13a</size>
         <input_file_ref idref="fl-61"/>
      </object_component>
      <object_component id="oc-134">
         <name>.debug_info</name>
         <load_address>0x8a8b</load_address>
         <run_address>0x8a8b</run_address>
         <size>0x20b</size>
         <input_file_ref idref="fl-61"/>
      </object_component>
      <object_component id="oc-1a3">
         <name>.debug_info</name>
         <load_address>0x8c96</load_address>
         <run_address>0x8c96</run_address>
         <size>0x145</size>
         <input_file_ref idref="fl-62"/>
      </object_component>
      <object_component id="oc-125">
         <name>.debug_info</name>
         <load_address>0x8ddb</load_address>
         <run_address>0x8ddb</run_address>
         <size>0x19a</size>
         <input_file_ref idref="fl-62"/>
      </object_component>
      <object_component id="oc-2b3">
         <name>.debug_info</name>
         <load_address>0x8f75</load_address>
         <run_address>0x8f75</run_address>
         <size>0x19a</size>
         <input_file_ref idref="fl-63"/>
      </object_component>
      <object_component id="oc-2a4">
         <name>.debug_info</name>
         <load_address>0x910f</load_address>
         <run_address>0x910f</run_address>
         <size>0xdd</size>
         <input_file_ref idref="fl-63"/>
      </object_component>
      <object_component id="oc-237">
         <name>.debug_info</name>
         <load_address>0x91ec</load_address>
         <run_address>0x91ec</run_address>
         <size>0x189</size>
         <input_file_ref idref="fl-63"/>
      </object_component>
      <object_component id="oc-2f7">
         <name>.debug_info</name>
         <load_address>0x9375</load_address>
         <run_address>0x9375</run_address>
         <size>0x33f</size>
         <input_file_ref idref="fl-65"/>
      </object_component>
      <object_component id="oc-328">
         <name>.debug_info</name>
         <load_address>0x96b4</load_address>
         <run_address>0x96b4</run_address>
         <size>0x18a</size>
         <input_file_ref idref="fl-65"/>
      </object_component>
      <object_component id="oc-33f">
         <name>.debug_info</name>
         <load_address>0x983e</load_address>
         <run_address>0x983e</run_address>
         <size>0x187</size>
         <input_file_ref idref="fl-65"/>
      </object_component>
      <object_component id="oc-32e">
         <name>.debug_info</name>
         <load_address>0x99c5</load_address>
         <run_address>0x99c5</run_address>
         <size>0x1cf</size>
         <input_file_ref idref="fl-65"/>
      </object_component>
      <object_component id="oc-314">
         <name>.debug_info</name>
         <load_address>0x9b94</load_address>
         <run_address>0x9b94</run_address>
         <size>0x212</size>
         <input_file_ref idref="fl-65"/>
      </object_component>
      <object_component id="oc-2eb">
         <name>.debug_info</name>
         <load_address>0x9da6</load_address>
         <run_address>0x9da6</run_address>
         <size>0x267</size>
         <input_file_ref idref="fl-65"/>
      </object_component>
      <object_component id="oc-2f1">
         <name>.debug_info</name>
         <load_address>0xa00d</load_address>
         <run_address>0xa00d</run_address>
         <size>0x20a</size>
         <input_file_ref idref="fl-65"/>
      </object_component>
      <object_component id="oc-2c8">
         <name>.debug_info</name>
         <load_address>0xa217</load_address>
         <run_address>0xa217</run_address>
         <size>0x28a</size>
         <input_file_ref idref="fl-65"/>
      </object_component>
      <object_component id="oc-2f8">
         <name>.debug_info</name>
         <load_address>0xa4a1</load_address>
         <run_address>0xa4a1</run_address>
         <size>0x86</size>
         <input_file_ref idref="fl-65"/>
      </object_component>
      <object_component id="oc-334">
         <name>.debug_info</name>
         <load_address>0xa527</load_address>
         <run_address>0xa527</run_address>
         <size>0x39</size>
         <input_file_ref idref="fl-65"/>
      </object_component>
      <object_component id="oc-348">
         <name>.debug_info</name>
         <load_address>0xa560</load_address>
         <run_address>0xa560</run_address>
         <size>0xff</size>
         <input_file_ref idref="fl-66"/>
      </object_component>
      <object_component id="oc-33a">
         <name>.debug_info</name>
         <load_address>0xa65f</load_address>
         <run_address>0xa65f</run_address>
         <size>0x146</size>
         <input_file_ref idref="fl-67"/>
      </object_component>
      <object_component id="oc-31a">
         <name>.debug_info</name>
         <load_address>0xa7a5</load_address>
         <run_address>0xa7a5</run_address>
         <size>0x18e</size>
         <input_file_ref idref="fl-67"/>
      </object_component>
      <object_component id="oc-326">
         <name>.debug_info</name>
         <load_address>0xa933</load_address>
         <run_address>0xa933</run_address>
         <size>0x145</size>
         <input_file_ref idref="fl-68"/>
      </object_component>
      <object_component id="oc-30d">
         <name>.debug_info</name>
         <load_address>0xaa78</load_address>
         <run_address>0xaa78</run_address>
         <size>0x20d</size>
         <input_file_ref idref="fl-68"/>
      </object_component>
      <object_component id="oc-2da">
         <name>.debug_info</name>
         <load_address>0xac85</load_address>
         <run_address>0xac85</run_address>
         <size>0x140</size>
         <input_file_ref idref="fl-69"/>
      </object_component>
      <object_component id="oc-2ad">
         <name>.debug_info</name>
         <load_address>0xadc5</load_address>
         <run_address>0xadc5</run_address>
         <size>0x170</size>
         <input_file_ref idref="fl-69"/>
      </object_component>
      <object_component id="oc-30b">
         <name>.debug_info</name>
         <load_address>0xaf35</load_address>
         <run_address>0xaf35</run_address>
         <size>0x13a</size>
         <input_file_ref idref="fl-6a"/>
      </object_component>
      <object_component id="oc-2e5">
         <name>.debug_info</name>
         <load_address>0xb06f</load_address>
         <run_address>0xb06f</run_address>
         <size>0x1c8</size>
         <input_file_ref idref="fl-6a"/>
      </object_component>
      <object_component id="oc-2d8">
         <name>.debug_info</name>
         <load_address>0xb237</load_address>
         <run_address>0xb237</run_address>
         <size>0x145</size>
         <input_file_ref idref="fl-6b"/>
      </object_component>
      <object_component id="oc-2a7">
         <name>.debug_info</name>
         <load_address>0xb37c</load_address>
         <run_address>0xb37c</run_address>
         <size>0x19b</size>
         <input_file_ref idref="fl-6b"/>
      </object_component>
      <object_component id="oc-388">
         <name>.debug_info</name>
         <load_address>0xb517</load_address>
         <run_address>0xb517</run_address>
         <size>0x9c</size>
      </object_component>
      <object_component id="oc-26b">
         <name>.debug_line</name>
         <load_address>0x0</load_address>
         <run_address>0x0</run_address>
         <size>0x2f</size>
         <input_file_ref idref="fl-2"/>
      </object_component>
      <object_component id="oc-260">
         <name>.debug_line</name>
         <load_address>0x2f</load_address>
         <run_address>0x2f</run_address>
         <size>0x32</size>
         <input_file_ref idref="fl-2"/>
      </object_component>
      <object_component id="oc-145">
         <name>.debug_line</name>
         <load_address>0x61</load_address>
         <run_address>0x61</run_address>
         <size>0xe2</size>
         <input_file_ref idref="fl-2"/>
      </object_component>
      <object_component id="oc-1ca">
         <name>.debug_line</name>
         <load_address>0x143</load_address>
         <run_address>0x143</run_address>
         <size>0x2f</size>
         <input_file_ref idref="fl-2"/>
      </object_component>
      <object_component id="oc-1a0">
         <name>.debug_line</name>
         <load_address>0x172</load_address>
         <run_address>0x172</run_address>
         <size>0x64</size>
         <input_file_ref idref="fl-2"/>
      </object_component>
      <object_component id="oc-104">
         <name>.debug_line</name>
         <load_address>0x1d6</load_address>
         <run_address>0x1d6</run_address>
         <size>0x20</size>
         <input_file_ref idref="fl-2"/>
      </object_component>
      <object_component id="oc-194">
         <name>.debug_line</name>
         <load_address>0x1f6</load_address>
         <run_address>0x1f6</run_address>
         <size>0x65</size>
         <input_file_ref idref="fl-2"/>
      </object_component>
      <object_component id="oc-26f">
         <name>.debug_line</name>
         <load_address>0x25b</load_address>
         <run_address>0x25b</run_address>
         <size>0x65</size>
         <input_file_ref idref="fl-2"/>
      </object_component>
      <object_component id="oc-188">
         <name>.debug_line</name>
         <load_address>0x2c0</load_address>
         <run_address>0x2c0</run_address>
         <size>0x2d</size>
         <input_file_ref idref="fl-2"/>
      </object_component>
      <object_component id="oc-2ba">
         <name>.debug_line</name>
         <load_address>0x2ed</load_address>
         <run_address>0x2ed</run_address>
         <size>0xdc</size>
         <input_file_ref idref="fl-3"/>
      </object_component>
      <object_component id="oc-1a9">
         <name>.debug_line</name>
         <load_address>0x3c9</load_address>
         <run_address>0x3c9</run_address>
         <size>0x2d</size>
         <input_file_ref idref="fl-3"/>
      </object_component>
      <object_component id="oc-f2">
         <name>.debug_line</name>
         <load_address>0x3f6</load_address>
         <run_address>0x3f6</run_address>
         <size>0x66</size>
         <input_file_ref idref="fl-3"/>
      </object_component>
      <object_component id="oc-bf">
         <name>.debug_line</name>
         <load_address>0x45c</load_address>
         <run_address>0x45c</run_address>
         <size>0x44</size>
         <input_file_ref idref="fl-3"/>
      </object_component>
      <object_component id="oc-19b">
         <name>.debug_line</name>
         <load_address>0x4a0</load_address>
         <run_address>0x4a0</run_address>
         <size>0x2e</size>
         <input_file_ref idref="fl-3"/>
      </object_component>
      <object_component id="oc-197">
         <name>.debug_line</name>
         <load_address>0x4ce</load_address>
         <run_address>0x4ce</run_address>
         <size>0xc6</size>
         <input_file_ref idref="fl-4"/>
      </object_component>
      <object_component id="oc-190">
         <name>.debug_line</name>
         <load_address>0x594</load_address>
         <run_address>0x594</run_address>
         <size>0x2f</size>
         <input_file_ref idref="fl-4"/>
      </object_component>
      <object_component id="oc-182">
         <name>.debug_line</name>
         <load_address>0x5c3</load_address>
         <run_address>0x5c3</run_address>
         <size>0x55</size>
         <input_file_ref idref="fl-4"/>
      </object_component>
      <object_component id="oc-b9">
         <name>.debug_line</name>
         <load_address>0x618</load_address>
         <run_address>0x618</run_address>
         <size>0x6f</size>
         <input_file_ref idref="fl-4"/>
      </object_component>
      <object_component id="oc-1a5">
         <name>.debug_line</name>
         <load_address>0x687</load_address>
         <run_address>0x687</run_address>
         <size>0x10a</size>
         <input_file_ref idref="fl-5"/>
      </object_component>
      <object_component id="oc-1a7">
         <name>.debug_line</name>
         <load_address>0x791</load_address>
         <run_address>0x791</run_address>
         <size>0x2d</size>
         <input_file_ref idref="fl-5"/>
      </object_component>
      <object_component id="oc-13e">
         <name>.debug_line</name>
         <load_address>0x7be</load_address>
         <run_address>0x7be</run_address>
         <size>0x53</size>
         <input_file_ref idref="fl-5"/>
      </object_component>
      <object_component id="oc-163">
         <name>.debug_line</name>
         <load_address>0x811</load_address>
         <run_address>0x811</run_address>
         <size>0x4a</size>
         <input_file_ref idref="fl-5"/>
      </object_component>
      <object_component id="oc-169">
         <name>.debug_line</name>
         <load_address>0x85b</load_address>
         <run_address>0x85b</run_address>
         <size>0x44</size>
         <input_file_ref idref="fl-5"/>
      </object_component>
      <object_component id="oc-2d3">
         <name>.debug_line</name>
         <load_address>0x89f</load_address>
         <run_address>0x89f</run_address>
         <size>0xa0</size>
         <input_file_ref idref="fl-6"/>
      </object_component>
      <object_component id="oc-2d1">
         <name>.debug_line</name>
         <load_address>0x93f</load_address>
         <run_address>0x93f</run_address>
         <size>0x2f</size>
         <input_file_ref idref="fl-6"/>
      </object_component>
      <object_component id="oc-16f">
         <name>.debug_line</name>
         <load_address>0x96e</load_address>
         <run_address>0x96e</run_address>
         <size>0x49</size>
         <input_file_ref idref="fl-6"/>
      </object_component>
      <object_component id="oc-1c3">
         <name>.debug_line</name>
         <load_address>0x9b7</load_address>
         <run_address>0x9b7</run_address>
         <size>0x44</size>
         <input_file_ref idref="fl-6"/>
      </object_component>
      <object_component id="oc-17b">
         <name>.debug_line</name>
         <load_address>0x9fb</load_address>
         <run_address>0x9fb</run_address>
         <size>0x6f</size>
         <input_file_ref idref="fl-6"/>
      </object_component>
      <object_component id="oc-251">
         <name>.debug_line</name>
         <load_address>0xa6a</load_address>
         <run_address>0xa6a</run_address>
         <size>0x45</size>
         <input_file_ref idref="fl-6"/>
      </object_component>
      <object_component id="oc-175">
         <name>.debug_line</name>
         <load_address>0xaaf</load_address>
         <run_address>0xaaf</run_address>
         <size>0x4e</size>
         <input_file_ref idref="fl-6"/>
      </object_component>
      <object_component id="oc-18b">
         <name>.debug_line</name>
         <load_address>0xafd</load_address>
         <run_address>0xafd</run_address>
         <size>0x20</size>
         <input_file_ref idref="fl-a"/>
      </object_component>
      <object_component id="oc-fd">
         <name>.debug_line</name>
         <load_address>0xb1d</load_address>
         <run_address>0xb1d</run_address>
         <size>0x3c</size>
         <input_file_ref idref="fl-a"/>
      </object_component>
      <object_component id="oc-1e5">
         <name>.debug_line</name>
         <load_address>0xb59</load_address>
         <run_address>0xb59</run_address>
         <size>0x56</size>
         <input_file_ref idref="fl-a"/>
      </object_component>
      <object_component id="oc-100">
         <name>.debug_line</name>
         <load_address>0xbaf</load_address>
         <run_address>0xbaf</run_address>
         <size>0x2e</size>
         <input_file_ref idref="fl-11"/>
      </object_component>
      <object_component id="oc-1ef">
         <name>.debug_line</name>
         <load_address>0xbdd</load_address>
         <run_address>0xbdd</run_address>
         <size>0x98</size>
         <input_file_ref idref="fl-11"/>
      </object_component>
      <object_component id="oc-6f">
         <name>.debug_line</name>
         <load_address>0xc75</load_address>
         <run_address>0xc75</run_address>
         <size>0x55</size>
         <input_file_ref idref="fl-12"/>
      </object_component>
      <object_component id="oc-ca">
         <name>.debug_line</name>
         <load_address>0xcca</load_address>
         <run_address>0xcca</run_address>
         <size>0x3e</size>
         <input_file_ref idref="fl-13"/>
      </object_component>
      <object_component id="oc-1cd">
         <name>.debug_line</name>
         <load_address>0xd08</load_address>
         <run_address>0xd08</run_address>
         <size>0xb0</size>
         <input_file_ref idref="fl-14"/>
      </object_component>
      <object_component id="oc-cf">
         <name>.debug_line</name>
         <load_address>0xdb8</load_address>
         <run_address>0xdb8</run_address>
         <size>0x98</size>
         <input_file_ref idref="fl-14"/>
      </object_component>
      <object_component id="oc-1e0">
         <name>.debug_line</name>
         <load_address>0xe50</load_address>
         <run_address>0xe50</run_address>
         <size>0x90</size>
         <input_file_ref idref="fl-14"/>
      </object_component>
      <object_component id="oc-1d1">
         <name>.debug_line</name>
         <load_address>0xee0</load_address>
         <run_address>0xee0</run_address>
         <size>0x84</size>
         <input_file_ref idref="fl-14"/>
      </object_component>
      <object_component id="oc-279">
         <name>.debug_line</name>
         <load_address>0xf64</load_address>
         <run_address>0xf64</run_address>
         <size>0x8e</size>
         <input_file_ref idref="fl-14"/>
      </object_component>
      <object_component id="oc-292">
         <name>.debug_line</name>
         <load_address>0xff2</load_address>
         <run_address>0xff2</run_address>
         <size>0xa6</size>
         <input_file_ref idref="fl-14"/>
      </object_component>
      <object_component id="oc-297">
         <name>.debug_line</name>
         <load_address>0x1098</load_address>
         <run_address>0x1098</run_address>
         <size>0xa1</size>
         <input_file_ref idref="fl-14"/>
      </object_component>
      <object_component id="oc-283">
         <name>.debug_line</name>
         <load_address>0x1139</load_address>
         <run_address>0x1139</run_address>
         <size>0x8f</size>
         <input_file_ref idref="fl-14"/>
      </object_component>
      <object_component id="oc-1ea">
         <name>.debug_line</name>
         <load_address>0x11c8</load_address>
         <run_address>0x11c8</run_address>
         <size>0x8e</size>
         <input_file_ref idref="fl-14"/>
      </object_component>
      <object_component id="oc-288">
         <name>.debug_line</name>
         <load_address>0x1256</load_address>
         <run_address>0x1256</run_address>
         <size>0x8e</size>
         <input_file_ref idref="fl-14"/>
      </object_component>
      <object_component id="oc-1db">
         <name>.debug_line</name>
         <load_address>0x12e4</load_address>
         <run_address>0x12e4</run_address>
         <size>0x2e</size>
         <input_file_ref idref="fl-14"/>
      </object_component>
      <object_component id="oc-27e">
         <name>.debug_line</name>
         <load_address>0x1312</load_address>
         <run_address>0x1312</run_address>
         <size>0x96</size>
         <input_file_ref idref="fl-14"/>
      </object_component>
      <object_component id="oc-10b">
         <name>.debug_line</name>
         <load_address>0x13a8</load_address>
         <run_address>0x13a8</run_address>
         <size>0x6c</size>
         <input_file_ref idref="fl-14"/>
      </object_component>
      <object_component id="oc-1f4">
         <name>.debug_line</name>
         <load_address>0x1414</load_address>
         <run_address>0x1414</run_address>
         <size>0x6d</size>
         <input_file_ref idref="fl-14"/>
      </object_component>
      <object_component id="oc-1d6">
         <name>.debug_line</name>
         <load_address>0x1481</load_address>
         <run_address>0x1481</run_address>
         <size>0x9d</size>
         <input_file_ref idref="fl-14"/>
      </object_component>
      <object_component id="oc-28d">
         <name>.debug_line</name>
         <load_address>0x151e</load_address>
         <run_address>0x151e</run_address>
         <size>0x92</size>
         <input_file_ref idref="fl-14"/>
      </object_component>
      <object_component id="oc-274">
         <name>.debug_line</name>
         <load_address>0x15b0</load_address>
         <run_address>0x15b0</run_address>
         <size>0x90</size>
         <input_file_ref idref="fl-14"/>
      </object_component>
      <object_component id="oc-15d">
         <name>.debug_line</name>
         <load_address>0x1640</load_address>
[...]
         <value>0xffffffff</value>
      </symbol>
      <symbol id="sm-6d">
         <name>__STACK_SIZE</name>
         <value>0x40</value>
      </symbol>
      <symbol id="sm-6e">
         <name>__STACK_END</name>
         <value>0x400</value>
      </symbol>
      <symbol id="sm-6f">
         <name>__c_args__</name>
         <value>0xffffffff</value>
      </symbol>
      <symbol id="sm-d3">
         <name>time_color_hour</name>
         <value>0x2b4</value>
         <object_component_ref idref="oc-1ad"/>
      </symbol>
      <symbol id="sm-d4">
         <name>show_clock</name>
         <value>0xc000</value>
         <object_component_ref idref="oc-141"/>
      </symbol>
      <symbol id="sm-d5">
         <name>brightness</name>
         <value>0x2c9</value>
         <object_component_ref idref="oc-1ad"/>
      </symbol>
      <symbol id="sm-d6">
         <name>time_color_second_25</name>
         <value>0x2c3</value>
         <object_component_ref idref="oc-1ad"/>
      </symbol>
      <symbol id="sm-d7">
         <name>time_color_second</name>
         <value>0x2ba</value>
         <object_component_ref idref="oc-1ad"/>
      </symbol>
      <symbol id="sm-d8">
         <name>time_color_second_75</name>
         <value>0x2bd</value>
         <object_component_ref idref="oc-1ad"/>
      </symbol>
      <symbol id="sm-d9">
         <name>time_color_second_50</name>
         <value>0x2c0</value>
         <object_component_ref idref="oc-1ad"/>
      </symbol>
      <symbol id="sm-da">
         <name>normal_color</name>
         <value>0x2c6</value>
         <object_component_ref idref="oc-1ad"/>
      </symbol>
      <symbol id="sm-db">
         <name>time_color_minute</name>
         <value>0x2b7</value>
         <object_component_ref idref="oc-1ad"/>
      </symbol>
      <symbol id="sm-101">
         <name>time_str</name>
         <value>0x350</value>
      </symbol>
      <symbol id="sm-102">
         <name>current_state</name>
         <value>0x2ca</value>
         <object_component_ref idref="oc-130"/>
      </symbol>
      <symbol id="sm-103">
         <name>__TI_int09</name>
         <value>0xfff2</value>
         <object_component_ref idref="oc-47"/>
      </symbol>
      <symbol id="sm-104">
         <name>main</name>
         <value>0xc45a</value>
         <object_component_ref idref="oc-ee"/>
      </symbol>
      <symbol id="sm-105">
         <name>TIMER0_A0_ISR_HOOK</name>
         <value>0xcb9c</value>
         <object_component_ref idref="oc-bb"/>
      </symbol>
      <symbol id="sm-12f">
         <name>input_buffer</name>
         <value>0x2d0</value>
      </symbol>
      <symbol id="sm-130">
         <name>input_count</name>
         <value>0x2ce</value>
         <object_component_ref idref="oc-11d"/>
      </symbol>
      <symbol id="sm-131">
         <name>__TI_int07</name>
         <value>0xffee</value>
         <object_component_ref idref="oc-45"/>
      </symbol>
      <symbol id="sm-132">
         <name>print_string</name>
         <value>0xc8ea</value>
         <object_component_ref idref="oc-17e"/>
      </symbol>
      <symbol id="sm-133">
         <name>USCI0RX_ISR_HOOK</name>
         <value>0xc3ae</value>
         <object_component_ref idref="oc-b5"/>
      </symbol>
      <symbol id="sm-15c">
         <name>current</name>
         <value>0x374</value>
      </symbol>
      <symbol id="sm-15d">
         <name>time_formated</name>
         <value>0x36a</value>
      </symbol>
      <symbol id="sm-15e">
         <name>f_time_set</name>
         <value>0x2cf</value>
         <object_component_ref idref="oc-12d"/>
      </symbol>
      <symbol id="sm-15f">
         <name>tick</name>
         <value>0xc95c</value>
         <object_component_ref idref="oc-13a"/>
      </symbol>
      <symbol id="sm-160">
         <name>parse_time</name>
         <value>0xc63c</value>
         <object_component_ref idref="oc-15f"/>
      </symbol>
      <symbol id="sm-161">
         <name>set_time</name>
         <value>0xc86c</value>
         <object_component_ref idref="oc-165"/>
      </symbol>
      <symbol id="sm-199">
         <name>fillStrip</name>
         <value>0xca2c</value>
         <object_component_ref idref="oc-171"/>
      </symbol>
      <symbol id="sm-19a">
         <name>initStrip</name>
         <value>0xca5a</value>
         <object_component_ref idref="oc-16b"/>
      </symbol>
      <symbol id="sm-19b">
         <name>clearStrip</name>
         <value>0xcd18</value>
         <object_component_ref idref="oc-24d"/>
      </symbol>
      <symbol id="sm-19c">
         <name>leds</name>
         <value>0x200</value>
         <object_component_ref idref="oc-255"/>
      </symbol>
      <symbol id="sm-19d">
         <name>setLEDColor</name>
         <value>0xcbbe</value>
         <object_component_ref idref="oc-1bf"/>
      </symbol>
      <symbol id="sm-19e">
         <name>showStrip</name>
         <value>0xc4e8</value>
         <object_component_ref idref="oc-177"/>
      </symbol>
      <symbol id="sm-1ad">
         <name>__TARG__</name>
         <value>0x92</value>
         <object_component_ref idref="oc-8f"/>
      </symbol>
      <symbol id="sm-1ae">
         <name>__TRDR__</name>
         <value>0xbe</value>
         <object_component_ref idref="oc-8f"/>
      </symbol>
      <symbol id="sm-1af">
         <name>__PLAT__</name>
         <value>0x6e</value>
         <object_component_ref idref="oc-8f"/>
      </symbol>
      <symbol id="sm-1b0">
         <name>__ISA__</name>
         <value>0x5c</value>
         <object_component_ref idref="oc-8f"/>
      </symbol>
      <symbol id="sm-1b1">
         <name>__ASM__</name>
         <value>0x0</value>
         <object_component_ref idref="oc-8f"/>
      </symbol>
      <symbol id="sm-1bf">
         <name>_stack</name>
         <value>0x3c0</value>
         <object_component_ref idref="oc-92"/>
      </symbol>
      <symbol id="sm-1c0">
         <name>_reset_vector</name>
         <value>0xfffe</value>
         <object_component_ref idref="oc-95"/>
      </symbol>
      <symbol id="sm-1cc">
         <name>_c_int00_noargs_noexit</name>
         <value>0xcb2e</value>
         <object_component_ref idref="oc-6b"/>
      </symbol>
      <symbol id="sm-1d5">
         <name>_system_pre_init</name>
         <value>0xcd38</value>
         <object_component_ref idref="oc-c8"/>
      </symbol>
      <symbol id="sm-233">
         <name>_auto_init</name>
         <value>0xc5d8</value>
         <object_component_ref idref="oc-ce"/>
      </symbol>
      <symbol id="sm-23c">
         <name>Grace_init</name>
         <value>0xcb54</value>
         <object_component_ref idref="oc-159"/>
      </symbol>
      <symbol id="sm-245">
         <name>GPIO_graceInit</name>
         <value>0xc8ae</value>
         <object_component_ref idref="oc-20a"/>
      </symbol>
      <symbol id="sm-250">
         <name>BCSplus_graceInit</name>
         <value>0xc9ca</value>
         <object_component_ref idref="oc-210"/>
      </symbol>
      <symbol id="sm-259">
         <name>USCI_A0_graceInit</name>
         <value>0xcbde</value>
         <object_component_ref idref="oc-216"/>
      </symbol>
      <symbol id="sm-262">
         <name>InterruptVectors_graceInit</name>
         <value>0xcd40</value>
         <object_component_ref idref="oc-21c"/>
      </symbol>
      <symbol id="sm-26d">
         <name>System_graceInit</name>
         <value>0xcb78</value>
         <object_component_ref idref="oc-222"/>
      </symbol>
      <symbol id="sm-276">
         <name>Timer0_A3_graceInit</name>
         <value>0xcc74</value>
         <object_component_ref idref="oc-228"/>
      </symbol>
      <symbol id="sm-27f">
         <name>WDTplus_graceInit</name>
         <value>0xcd24</value>
         <object_component_ref idref="oc-22e"/>
      </symbol>
      <symbol id="sm-289">
         <name>__mspabi_srai</name>
         <value>0xca86</value>
         <object_component_ref idref="oc-1b0"/>
      </symbol>
      <symbol id="sm-28a">
         <name>__mspabi_srai_8</name>
         <value>0xcaa0</value>
         <object_component_ref idref="oc-1b0"/>
      </symbol>
      <symbol id="sm-28b">
         <name>__mspabi_srai_9</name>
         <value>0xca9e</value>
         <object_component_ref idref="oc-1b0"/>
      </symbol>
      <symbol id="sm-28c">
         <name>__mspabi_srai_6</name>
         <value>0xcaa4</value>
         <object_component_ref idref="oc-1b0"/>
      </symbol>
      <symbol id="sm-28d">
         <name>__mspabi_srai_7</name>
         <value>0xcaa2</value>
         <object_component_ref idref="oc-1b0"/>
      </symbol>
      <symbol id="sm-28e">
         <name>__mspabi_srai_4</name>
         <value>0xcaa8</value>
         <object_component_ref idref="oc-1b0"/>
      </symbol>
      <symbol id="sm-28f">
         <name>__mspabi_srai_5</name>
         <value>0xcaa6</value>
         <object_component_ref idref="oc-1b0"/>
      </symbol>
      <symbol id="sm-290">
         <name>__mspabi_srai_2</name>
         <value>0xcaac</value>
         <object_component_ref idref="oc-1b0"/>
      </symbol>
      <symbol id="sm-291">
         <name>__mspabi_srai_3</name>
         <value>0xcaaa</value>
         <object_component_ref idref="oc-1b0"/>
      </symbol>
      <symbol id="sm-292">
         <name>__mspabi_srai_1</name>
         <value>0xcaae</value>
         <object_component_ref idref="oc-1b0"/>
      </symbol>
      <symbol id="sm-293">
         <name>__mspabi_srai_15</name>
         <value>0xca92</value>
         <object_component_ref idref="oc-1b0"/>
      </symbol>
      <symbol id="sm-294">
         <name>__mspabi_srai_14</name>
         <value>0xca94</value>
         <object_component_ref idref="oc-1b0"/>
      </symbol>
      <symbol id="sm-295">
         <name>__mspabi_srai_13</name>
         <value>0xca96</value>
         <object_component_ref idref="oc-1b0"/>
      </symbol>
      <symbol id="sm-296">
         <name>__mspabi_srai_12</name>
         <value>0xca98</value>
         <object_component_ref idref="oc-1b0"/>
      </symbol>
      <symbol id="sm-297">
         <name>__mspabi_srai_11</name>
         <value>0xca9a</value>
         <object_component_ref idref="oc-1b0"/>
      </symbol>
      <symbol id="sm-298">
         <name>__mspabi_srai_10</name>
         <value>0xca9c</value>
         <object_component_ref idref="oc-1b0"/>
      </symbol>
      <symbol id="sm-2ab">
         <name>atoi</name>
         <value>0xc6ea</value>
         <object_component_ref idref="oc-23c"/>
      </symbol>
      <symbol id="sm-2c1">
         <name>__TI_decompress_none</name>
         <value>0xccd6</value>
         <object_component_ref idref="oc-34"/>
      </symbol>
      <symbol id="sm-2e3">
         <name>__TI_decompress_rle24</name>
         <value>0xcd32</value>
         <object_component_ref idref="oc-3a"/>
      </symbol>
      <symbol id="sm-2f6">
         <name>__TI_zero_init</name>
         <value>0xcc88</value>
         <object_component_ref idref="oc-4d"/>
      </symbol>
      <symbol id="sm-300">
         <name>_ctypes_</name>
         <value>0xcd42</value>
         <object_component_ref idref="oc-2b4"/>
      </symbol>
      <symbol id="sm-30c">
         <name>__mspabi_remi</name>
         <value>0xcab2</value>
         <object_component_ref idref="oc-1ba"/>
      </symbol>
      <symbol id="sm-30d">
         <name>__mspabi_divi</name>
         <value>0xcab2</value>
         <object_component_ref idref="oc-1ba"/>
      </symbol>
      <symbol id="sm-317">
         <name>__mspabi_remu</name>
         <value>0xcc5e</value>
         <object_component_ref idref="oc-263"/>
      </symbol>
      <symbol id="sm-318">
         <name>__mspabi_divu</name>
         <value>0xcc5e</value>
         <object_component_ref idref="oc-263"/>
      </symbol>
      <symbol id="sm-321">
         <name>__mspabi_func_epilog_2</name>
         <value>0xcd04</value>
         <object_component_ref idref="oc-114"/>
      </symbol>
      <symbol id="sm-322">
         <name>__mspabi_func_epilog_3</name>
         <value>0xcd02</value>
         <object_component_ref idref="oc-114"/>
      </symbol>
      <symbol id="sm-323">
         <name>__mspabi_func_epilog_1</name>
         <value>0xcd06</value>
         <object_component_ref idref="oc-114"/>
      </symbol>
      <symbol id="sm-324">
         <name>__mspabi_func_epilog_6</name>
         <value>0xccfc</value>
         <object_component_ref idref="oc-114"/>
      </symbol>
      <symbol id="sm-325">
         <name>__mspabi_func_epilog_7</name>
         <value>0xccfa</value>
         <object_component_ref idref="oc-114"/>
      </symbol>
      <symbol id="sm-326">
         <name>__mspabi_func_epilog_4</name>
         <value>0xcd00</value>
         <object_component_ref idref="oc-114"/>
      </symbol>
      <symbol id="sm-327">
         <name>__mspabi_func_epilog_5</name>
         <value>0xccfe</value>
         <object_component_ref idref="oc-114"/>
      </symbol>
      <symbol id="sm-332">
         <name>C$$EXIT</name>
         <value>0xcd3c</value>
         <object_component_ref idref="oc-e7"/>
      </symbol>
      <symbol id="sm-333">
         <name>abort</name>
         <value>0xcd3c</value>
         <object_component_ref idref="oc-e7"/>
      </symbol>
      <symbol id="sm-336">
         <name>__TI_int00</name>
         <value>0xffe0</value>
         <object_component_ref idref="oc-40"/>
      </symbol>
      <symbol id="sm-339">
         <name>__TI_int02</name>
         <value>0xffe4</value>
         <object_component_ref idref="oc-41"/>
      </symbol>
      <symbol id="sm-33c">
         <name>__TI_int03</name>
         <value>0xffe6</value>
         <object_component_ref idref="oc-42"/>
      </symbol>
      <symbol id="sm-33f">
         <name>__TI_int05</name>
         <value>0xffea</value>
         <object_component_ref idref="oc-43"/>
      </symbol>
      <symbol id="sm-342">
         <name>__TI_int06</name>
         <value>0xffec</value>
         <object_component_ref idref="oc-44"/>
      </symbol>
      <symbol id="sm-345">
         <name>__TI_int08</name>
         <value>0xfff0</value>
         <object_component_ref idref="oc-46"/>
      </symbol>
      <symbol id="sm-348">
         <name>__TI_int10</name>
         <value>0xfff4</value>
         <object_component_ref idref="oc-48"/>
      </symbol>
      <symbol id="sm-34b">
         <name>__TI_int11</name>
         <value>0xfff6</value>
         <object_component_ref idref="oc-49"/>
      </symbol>
      <symbol id="sm-34e">
         <name>__TI_int12</name>
         <value>0xfff8</value>
         <object_component_ref idref="oc-4a"/>
      </symbol>
      <symbol id="sm-351">
         <name>__TI_int13</name>
         <value>0xfffa</value>
         <object_component_ref idref="oc-4b"/>
      </symbol>
      <symbol id="sm-354">
         <name>__TI_int14</name>
         <value>0xfffc</value>
         <object_component_ref idref="oc-4c"/>
      </symbol>
      <symbol id="sm-35c">
         <name>__TI_ISR_TRAP</name>
         <value>0xcd2c</value>
         <object_component_ref idref="oc-b0"/>
      </symbol>
      <symbol id="sm-36a">
         <name>memcpy</name>
         <value>0xcce8</value>
         <object_component_ref idref="oc-96"/>
      </symbol>
      <symbol id="sm-375">
         <name>__mspabi_mpyi_sw</name>
         <value>0xccb0</value>
         <object_component_ref idref="oc-1b5"/>
      </symbol>
      <symbol id="sm-376">
         <name>__mspabi_mpyi</name>
         <value>0xccb0</value>
         <object_component_ref idref="oc-1b5"/>
      </symbol>
      <symbol id="sm-397">
         <name>sprintf</name>
         <value>0xc924</value>
         <object_component_ref idref="oc-246"/>
      </symbol>
      <symbol id="sm-3a5">
         <name>strcmp</name>
         <value>0xcc46</value>
         <object_component_ref idref="oc-133"/>
      </symbol>
      <symbol id="sm-3b8">
         <name>strstr</name>
         <value>0xc994</value>
         <object_component_ref idref="oc-124"/>
      </symbol>
      <symbol id="sm-3cd">
         <name>strtok</name>
         <value>0xc78a</value>
         <object_component_ref idref="oc-236"/>
      </symbol>
      <symbol id="sm-435">
         <name>__TI_printfi_minimal</name>
         <value>0xc2e4</value>
         <object_component_ref idref="oc-2c7"/>
      </symbol>
      <symbol id="sm-43d">
         <name>__mspabi_srli_8</name>
         <value>0xc802</value>
         <object_component_ref idref="oc-347"/>
      </symbol>
      <symbol id="sm-43e">
         <name>__mspabi_srli_9</name>
         <value>0xc7fe</value>
         <object_component_ref idref="oc-347"/>
      </symbol>
      <symbol id="sm-43f">
         <name>__mspabi_srli_6</name>
         <value>0xc80a</value>
         <object_component_ref idref="oc-347"/>
      </symbol>
      <symbol id="sm-440">
         <name>__mspabi_srli_7</name>
         <value>0xc806</value>
         <object_component_ref idref="oc-347"/>
      </symbol>
      <symbol id="sm-441">
         <name>__mspabi_srli_4</name>
         <value>0xc812</value>
         <object_component_ref idref="oc-347"/>
      </symbol>
      <symbol id="sm-442">
         <name>__mspabi_srli_5</name>
         <value>0xc80e</value>
         <object_component_ref idref="oc-347"/>
      </symbol>
      <symbol id="sm-443">
         <name>__mspabi_srli_2</name>
         <value>0xc81a</value>
         <object_component_ref idref="oc-347"/>
      </symbol>
      <symbol id="sm-444">
         <name>__mspabi_srli_3</name>
         <value>0xc816</value>
         <object_component_ref idref="oc-347"/>
      </symbol>
      <symbol id="sm-445">
         <name>__mspabi_srli_1</name>
         <value>0xc81e</value>
         <object_component_ref idref="oc-347"/>
      </symbol>
      <symbol id="sm-446">
         <name>__mspabi_srli</name>
         <value>0xc7d8</value>
         <object_component_ref idref="oc-347"/>
      </symbol>
      <symbol id="sm-447">
         <name>__mspabi_srli_15</name>
         <value>0xc7e6</value>
         <object_component_ref idref="oc-347"/>
      </symbol>
      <symbol id="sm-448">
         <name>__mspabi_srli_14</name>
         <value>0xc7ea</value>
         <object_component_ref idref="oc-347"/>
      </symbol>
      <symbol id="sm-449">
         <name>__mspabi_srli_13</name>
         <value>0xc7ee</value>
         <object_component_ref idref="oc-347"/>
      </symbol>
      <symbol id="sm-44a">
         <name>__mspabi_srli_12</name>
         <value>0xc7f2</value>
         <object_component_ref idref="oc-347"/>
      </symbol>
      <symbol id="sm-44b">
         <name>__mspabi_srli_11</name>
         <value>0xc7f6</value>
         <object_component_ref idref="oc-347"/>
      </symbol>
      <symbol id="sm-44c">
         <name>__mspabi_srli_10</name>
         <value>0xc7fa</value>
         <object_component_ref idref="oc-347"/>
      </symbol>
      <symbol id="sm-45b">
         <name>memccpy</name>
         <value>0xcc14</value>
         <object_component_ref idref="oc-319"/>
      </symbol>
      <symbol id="sm-469">
         <name>memset</name>
         <value>0xcc9c</value>
         <object_component_ref idref="oc-30c"/>
      </symbol>
      <symbol id="sm-479">
         <name>strcspn</name>
         <value>0xcade</value>
         <object_component_ref idref="oc-2ac"/>
      </symbol>
      <symbol id="sm-486">
         <name>strlen</name>
         <value>0xcd0a</value>
         <object_component_ref idref="oc-2e4"/>
      </symbol>
      <symbol id="sm-498">
         <name>strspn</name>
         <value>0xcb06</value>
         <object_component_ref idref="oc-2a6"/>
      </symbol>
      <symbol id="sm-49a">
         <name>__TI_INITARRAY_Base</name>
         <value>0x0</value>
      </symbol>
      <symbol id="sm-49b">
         <name>__TI_INITARRAY_Limit</name>
         <value>0x0</value>
      </symbol>
   </symbol_table>
   <title>Link successful</title>
</link_info>
