******************************************************************************
                  MSP430 Linker Unix v4.4.4                    
******************************************************************************
>> Linked Sun Jul 12 19:05:33 2015

OUTPUT FILE NAME:   <LedClock.out>
ENTRY POINT SYMBOL: "_c_int00_noargs_noexit"  address: 0000ca76


MEMORY CONFIGURATION

         name            origin    length      used     unused   attr    fill
----------------------  --------  ---------  --------  --------  ----  --------
  SFR                   00000000   00000010  00000000  00000010  RWIX
  PERIPHERALS_8BIT      00000010   000000f0  00000000  000000f0  RWIX
  PERIPHERALS_16BIT     00000100   00000100  00000000  00000100  RWIX
  RAM                   00000200   00000200  000001b6  0000004a  RWIX
  INFOD                 00001000   00000040  00000000  00000040  RWIX
  INFOC                 00001040   00000040  00000000  00000040  RWIX
  INFOB                 00001080   00000040  00000000  00000040  RWIX
  INFOA                 000010c0   00000040  00000000  00000040  RWIX
  FLASH                 0000c000   00003fe0  00000e0e  000031d2  RWIX
  INT00                 0000ffe0   00000002  00000002  00000000  RWIX
  INT01                 0000ffe2   00000002  00000000  00000002  RWIX
  INT02                 0000ffe4   00000002  00000002  00000000  RWIX
  INT03                 0000ffe6   00000002  00000002  00000000  RWIX
  INT04                 0000ffe8   00000002  00000000  00000002  RWIX
  INT05                 0000ffea   00000002  00000002  00000000  RWIX
  INT06                 0000ffec   00000002  00000002  00000000  RWIX
  INT07                 0000ffee   00000002  00000002  00000000  RWIX
  INT08                 0000fff0   00000002  00000002  00000000  RWIX
  INT09                 0000fff2   00000002  00000002  00000000  RWIX
  INT10                 0000fff4   00000002  00000002  00000000  RWIX
  INT11                 0000fff6   00000002  00000002  00000000  RWIX
  INT12                 0000fff8   00000002  00000002  00000000  RWIX
  INT13                 0000fffa   00000002  00000002  00000000  RWIX
  INT14                 0000fffc   00000002  00000002  00000000  RWIX
  RESET                 0000fffe   00000002  00000002  00000000  RWIX


SECTION ALLOCATION MAP

 output                                  attributes/
section   page    origin      length       input sections
--------  ----  ----------  ----------   ----------------
.data      0    00000200    000000cf     UNINITIALIZED
                  00000200    000000b4     ws2812.obj (.data:leds)
                  000002b4    00000015     animation.obj (.data)
                  000002c9    00000001     serial.obj (.data)
                  000002ca    00000002     main.obj (.data)
                  000002cc    00000002     rts430_eabi.lib : strtok.obj (.data)
                  000002ce    00000001     time.obj (.data)

.bss       0    000002d0    000000a7     UNINITIALIZED
                  000002d0    00000080     (.common:input_buffer)
                  00000350    0000001a     (.common:time_str)
                  0000036a    0000000a     (.common:time_formated)
                  00000374    00000003     (.common:current)

.stack     0    000003c0    00000040     UNINITIALIZED
                  000003c0    00000002     boot.ae430 : boot.oe430 (.stack)
                  000003c2    0000003e     --HOLE--

.text      0    0000c000    00000c68     
                  0000c000    00000140     animation.obj (.text:show_clock)
                  0000c140    00000116     rts430_eabi.lib : _printfi_min.obj (.text:_setfield)
                  0000c256    000000ca                     : _printfi_min.obj (.text:__TI_printfi_minimal)
                  0000c320    000000ac     serial.obj (.text:USCI0RX_ISR_HOOK)
                  0000c3cc    00000096     main.obj (.text:main)
                  0000c462    0000008c     ws2812.obj (.text:showStrip)
                  0000c4ee    00000064     rts430_eabi.lib : copy_decompress_rle.obj (.text:__TI_decompress_rle_core)
                  0000c552    00000064     boot.ae430 : autoinit.oe430 (.text:_auto_init)
                  0000c5b6    00000058     time.obj (.text:parse_time)
                  0000c60e    00000056     rts430_eabi.lib : _printfi_min.obj (.text:_ltostr)
                  0000c664    00000052                     : atoi.obj (.text:atoi)
                  0000c6b6    0000004e                     : _printfi_min.obj (.text:_pproc_diouxp)
                  0000c704    0000004e                     : strtok.obj (.text:strtok)
                  0000c752    0000004c                     : lsr16.obj (.text)
                  0000c79e    00000048                     : _printfi_min.obj (.text:_pproc_str)
                  0000c7e6    00000042     time.obj (.text:set_time)
                  0000c828    0000003c     grace.lib : GPIO_init.obj (.text:GPIO_graceInit)
                  0000c864    0000003a     serial.obj (.text:print_string)
                  0000c89e    00000038     rts430_eabi.lib : sprintf.obj (.text:sprintf)
                  0000c8d6    00000038     time.obj (.text:tick)
                  0000c90e    00000036     rts430_eabi.lib : strstr.obj (.text:strstr)
                  0000c944    00000034     grace.lib : BCSplus_init.obj (.text:BCSplus_graceInit)
                  0000c978    0000002e     rts430_eabi.lib : _printfi_min.obj (.text:_getarg_diouxp)
                  0000c9a6    0000002e     ws2812.obj (.text:fillStrip)
                  0000c9d4    0000002c     ws2812.obj (.text:initStrip)
                  0000ca00    00000028     rts430_eabi.lib : strcspn.obj (.text:strcspn)
                  0000ca28    00000028                     : strspn.obj (.text:strspn)
                  0000ca50    00000026     main.obj (.text:TIMER0_A0_ISR_HOOK)
                  0000ca76    00000026     boot.ae430 : boot_special.oe430 (.text:_c_int00_noargs_noexit)
                  0000ca9c    00000024     grace.lib : Grace_init.obj (.text:Grace_init)
                  0000cac0    00000024               : System_init.obj (.text:System_graceInit)
                  0000cae4    00000020     ws2812.obj (.text:setLEDColor)
                  0000cb04    0000001c     grace.lib : USCI_A0_init.obj (.text:USCI_A0_graceInit)
                  0000cb20    0000001a     rts430_eabi.lib : sprintf.obj (.text:_outs)
                  0000cb3a    0000001a                     : memccpy.obj (.text:memccpy)
                  0000cb54    00000018                     : _printfi_min.obj (.text:_div)
                  0000cb6c    00000018                     : strcmp.obj (.text:strcmp)
                  0000cb84    00000016                     : div16u.obj (.text)
                  0000cb9a    00000014     grace.lib : Timer0_A3_init.obj (.text:Timer0_A3_graceInit)
                  0000cbae    00000014     rts430_eabi.lib : copy_zero_init.obj (.text:decompress:ZI:__TI_zero_init)
                  0000cbc2    00000014                     : memset.obj (.text:memset)
                  0000cbd6    00000014                     : mult16.obj (.text)
                  0000cbea    00000012                     : sprintf.obj (.text:_outc)
                  0000cbfc    00000012                     : copy_decompress_none.obj (.text:decompress:none:__TI_decompress_none)
                  0000cc0e    00000012                     : memcpy.obj (.text:memcpy)
                  0000cc20    00000010                     : epilog.obj (.text)
                  0000cc30    0000000e                     : strlen.obj (.text:strlen)
                  0000cc3e    0000000c     ws2812.obj (.text:clearStrip)
                  0000cc4a    00000008     grace.lib : WDTplus_init.obj (.text:WDTplus_graceInit)
                  0000cc52    00000006     rts430_eabi.lib : isr_trap.obj (.text:_isr:__TI_ISR_TRAP)
                  0000cc58    00000006                     : copy_decompress_rle.obj (.text:decompress:rle24:__TI_decompress_rle24)
                  0000cc5e    00000004     boot.ae430 : pre_init.oe430 (.text:_system_pre_init)
                  0000cc62    00000004     rts430_eabi.lib : exit.obj (.text:abort)
                  0000cc66    00000002     grace.lib : InterruptVectors_init.obj (.text:InterruptVectors_graceInit)

.const     0    0000cc68    00000176     
                  0000cc68    00000101     rts430_eabi.lib : ctype.obj (.const:.string:_ctypes_)
                  0000cd69    00000001     --HOLE-- [fill = 0]
                  0000cd6a    00000030     time.obj (.const:.string)
                  0000cd9a    0000001c     main.obj (.const:.string)
                  0000cdb6    00000014     rts430_eabi.lib : _printfi_min.obj (.const:.string)
                  0000cdca    00000014     serial.obj (.const:.string)

.cinit     0    0000cdde    00000030     
                  0000cdde    0000001d     (.cinit..data.load) [load image, compression = rle]
                  0000cdfb    00000001     --HOLE-- [fill = 0]
                  0000cdfc    00000006     (__TI_handler_table)
                  0000ce02    00000004     (.cinit..bss.load) [load image, compression = zero_init]
                  0000ce06    00000008     (__TI_cinit_table)

.init_array 
*          0    0000c000    00000000     UNINITIALIZED

TRAPINT    0    0000ffe0    00000002     
                  0000ffe0    00000002     rts430_eabi.lib : int00.obj (.int00)

PORT1      0    0000ffe4    00000002     
                  0000ffe4    00000002     rts430_eabi.lib : int02.obj (.int02)

PORT2      0    0000ffe6    00000002     
                  0000ffe6    00000002     rts430_eabi.lib : int03.obj (.int03)

ADC10      0    0000ffea    00000002     
                  0000ffea    00000002     rts430_eabi.lib : int05.obj (.int05)

USCIAB0TX 
*          0    0000ffec    00000002     
                  0000ffec    00000002     rts430_eabi.lib : int06.obj (.int06)

USCIAB0RX 
*          0    0000ffee    00000002     
                  0000ffee    00000002     serial.obj (.int07)

TIMER0_A1 
*          0    0000fff0    00000002     
                  0000fff0    00000002     rts430_eabi.lib : int08.obj (.int08)

TIMER0_A0 
*          0    0000fff2    00000002     
                  0000fff2    00000002     main.obj (.int09)

WDT        0    0000fff4    00000002     
                  0000fff4    00000002     rts430_eabi.lib : int10.obj (.int10)

COMPARATORA 
*          0    0000fff6    00000002     
                  0000fff6    00000002     rts430_eabi.lib : int11.obj (.int11)

TIMER1_A1 
*          0    0000fff8    00000002     
                  0000fff8    00000002     rts430_eabi.lib : int12.obj (.int12)

TIMER1_A0 
*          0    0000fffa    00000002     
                  0000fffa    00000002     rts430_eabi.lib : int13.obj (.int13)

NMI        0    0000fffc    00000002     
                  0000fffc    00000002     rts430_eabi.lib : int14.obj (.int14)

.reset     0    0000fffe    00000002     
                  0000fffe    00000002     boot.ae430 : boot.oe430 (.reset)

xdc.meta   0    00000000    000000e8     COPY SECTION
                  00000000    000000e8     main_pe430.oe430 (xdc.meta)

.TI.persistent 
*          0    00000200    00000000     UNINITIALIZED


LINKER GENERATED COPY TABLES

__TI_cinit_table @ 0000ce06 records: 2, size/record: 4, table size: 8
	.data: load addr=0000cdde, load size=0000001d bytes, run addr=00000200, run size=000000cf bytes, compression=rle
	.bss: load addr=0000ce02, load size=00000004 bytes, run addr=000002d0, run size=000000a7 bytes, compression=zero_init


LINKER GENERATED HANDLER TABLE

__TI_handler_table @ 0000cdfc records: 3, size/record: 2, table size: 6
	index: 0, handler: __TI_zero_init
	index: 1, handler: __TI_decompress_rle24
	index: 2, handler: __TI_decompress_none


GLOBAL SYMBOLS: SORTED ALPHABETICALLY BY Name 

address   name                            
-------   ----                            
0000004a  ADC10AE0                        
000001b0  ADC10CTL0                       
000001b2  ADC10CTL1                       
00000048  ADC10DTC0                       
00000049  ADC10DTC1                       
000001b4  ADC10MEM                        
000001bc  ADC10SA                         
00000057  BCSCTL1                         
00000058  BCSCTL2                         
00000053  BCSCTL3                         
0000c944  BCSplus_graceInit               
0000cc62  C$$EXIT                         
00000059  CACTL1                          
0000005a  CACTL2                          
000010fb  CALBC1_12MHZ                    
000010f9  CALBC1_16MHZ                    
000010ff  CALBC1_1MHZ                     
000010fd  CALBC1_8MHZ                     
000010fa  CALDCO_12MHZ                    
000010f8  CALDCO_16MHZ                    
000010fe  CALDCO_1MHZ                     
000010fc  CALDCO_8MHZ                     
0000005b  CAPD                            
00000056  DCOCTL                          
00000128  FCTL1                           
0000012a  FCTL2                           
0000012c  FCTL3                           
0000c828  GPIO_graceInit                  
0000ca9c  Grace_init                      
00000000  IE1                             
00000001  IE2                             
00000002  IFG1                            
00000003  IFG2                            
0000cc66  InterruptVectors_graceInit      
00000022  P1DIR                           
00000025  P1IE                            
00000024  P1IES                           
00000023  P1IFG                           
00000020  P1IN                            
00000021  P1OUT                           
00000027  P1REN                           
00000026  P1SEL                           
00000041  P1SEL2                          
0000002a  P2DIR                           
0000002d  P2IE                            
0000002c  P2IES                           
0000002b  P2IFG                           
00000028  P2IN                            
00000029  P2OUT                           
0000002f  P2REN                           
0000002e  P2SEL                           
00000042  P2SEL2                          
0000001a  P3DIR                           
00000018  P3IN                            
00000019  P3OUT                           
00000010  P3REN                           
0000001b  P3SEL                           
00000043  P3SEL2                          
0000cac0  System_graceInit                
00000172  TA0CCR0                         
00000174  TA0CCR1                         
00000176  TA0CCR2                         
00000162  TA0CCTL0                        
00000164  TA0CCTL1                        
00000166  TA0CCTL2                        
00000160  TA0CTL                          
0000012e  TA0IV                           
00000170  TA0R                            
00000192  TA1CCR0                         
00000194  TA1CCR1                         
00000196  TA1CCR2                         
00000182  TA1CCTL0                        
00000184  TA1CCTL1                        
00000186  TA1CCTL2                        
00000180  TA1CTL                          
0000011e  TA1IV                           
00000190  TA1R                            
0000ca50  TIMER0_A0_ISR_HOOK              
000010db  TLV_ADC10_1_LEN                 
000010da  TLV_ADC10_1_TAG                 
000010c0  TLV_CHECKSUM                    
000010f7  TLV_DCO_30_LEN                  
000010f6  TLV_DCO_30_TAG                  
0000cb9a  Timer0_A3_graceInit             
0000005d  UCA0ABCTL                       
00000062  UCA0BR0                         
00000063  UCA0BR1                         
00000060  UCA0CTL0                        
00000061  UCA0CTL1                        
0000005f  UCA0IRRCTL                      
0000005e  UCA0IRTCTL                      
00000064  UCA0MCTL                        
00000066  UCA0RXBUF                       
00000065  UCA0STAT                        
00000067  UCA0TXBUF                       
0000006a  UCB0BR0                         
0000006b  UCB0BR1                         
00000068  UCB0CTL0                        
00000069  UCB0CTL1                        
0000006c  UCB0I2CIE                       
00000118  UCB0I2COA                       
0000011a  UCB0I2CSA                       
0000006e  UCB0RXBUF                       
0000006d  UCB0STAT                        
0000006f  UCB0TXBUF                       
0000c320  USCI0RX_ISR_HOOK                
0000cb04  USCI_A0_graceInit               
00000120  WDTCTL                          
0000cc4a  WDTplus_graceInit               
00000000  __ASM__                         
0000005e  __ISA__                         
00000070  __PLAT__                        
00000400  __STACK_END                     
00000040  __STACK_SIZE                    
00000094  __TARG__                        
0000ce06  __TI_CINIT_Base                 
0000ce0e  __TI_CINIT_Limit                
0000cdfc  __TI_Handler_Table_Base         
0000ce02  __TI_Handler_Table_Limit        
UNDEFED   __TI_INITARRAY_Base             
UNDEFED   __TI_INITARRAY_Limit            
0000cc52  __TI_ISR_TRAP                   
0000cbfc  __TI_decompress_none            
0000cc58  __TI_decompress_rle24           
0000ffe0  __TI_int00                      
0000ffe4  __TI_int02                      
0000ffe6  __TI_int03                      
0000ffea  __TI_int05                      
0000ffec  __TI_int06                      
0000ffee  __TI_int07                      
0000fff0  __TI_int08                      
0000fff2  __TI_int09                      
0000fff4  __TI_int10                      
0000fff6  __TI_int11                      
0000fff8  __TI_int12                      
0000fffa  __TI_int13                      
0000fffc  __TI_int14                      
0000c256  __TI_printfi_minimal            
0000cbae  __TI_zero_init                  
000000c0  __TRDR__                        
ffffffff  __binit__                       
ffffffff  __c_args__                      
0000cb84  __mspabi_divu                   
0000cc2c  __mspabi_func_epilog_1          
0000cc2a  __mspabi_func_epilog_2          
0000cc28  __mspabi_func_epilog_3          
0000cc26  __mspabi_func_epilog_4          
0000cc24  __mspabi_func_epilog_5          
0000cc22  __mspabi_func_epilog_6          
0000cc20  __mspabi_func_epilog_7          
0000cbd6  __mspabi_mpyi                   
0000cbd6  __mspabi_mpyi_sw                
0000cb84  __mspabi_remu                   
0000c752  __mspabi_srli                   
0000c798  __mspabi_srli_1                 
0000c774  __mspabi_srli_10                
0000c770  __mspabi_srli_11                
0000c76c  __mspabi_srli_12                
0000c768  __mspabi_srli_13                
0000c764  __mspabi_srli_14                
0000c760  __mspabi_srli_15                
0000c794  __mspabi_srli_2                 
0000c790  __mspabi_srli_3                 
0000c78c  __mspabi_srli_4                 
0000c788  __mspabi_srli_5                 
0000c784  __mspabi_srli_6                 
0000c780  __mspabi_srli_7                 
0000c77c  __mspabi_srli_8                 
0000c778  __mspabi_srli_9                 
0000c552  _auto_init                      
0000ca76  _c_int00_noargs_noexit          
0000cc68  _ctypes_                        
0000fffe  _reset_vector                   
000003c0  _stack                          
0000cc5e  _system_pre_init                
0000cc62  abort                           
0000c664  atoi                            
ffffffff  binit                           
0000cc3e  clearStrip                      
00000374  current                         
000002ca  current_state                   
000002ce  f_time_set                      
0000c9a6  fillStrip                       
0000c9d4  initStrip                       
000002d0  input_buffer                    
000002c9  input_count                     
00000200  leds                            
0000c3cc  main                            
0000cb3a  memccpy                         
0000cc0e  memcpy                          
0000cbc2  memset                          
000002c6  normal_color                    
0000c5b6  parse_time                      
0000c864  print_string                    
0000cae4  setLEDColor                     
0000c7e6  set_time                        
0000c462  showStrip                       
0000c000  show_clock                      
0000c89e  sprintf                         
0000cb6c  strcmp                          
0000ca00  strcspn                         
0000cc30  strlen                          
0000ca28  strspn                          
0000c90e  strstr                          
0000c704  strtok                          
0000c8d6  tick                            
000002b4  time_color_hour                 
000002b7  time_color_minute               
000002ba  time_color_second               
000002c3  time_color_second_25            
000002c0  time_color_second_50            
000002bd  time_color_second_75            
0000036a  time_formated                   
00000350  time_str                        
00000000  xdc_runtime_Startup__EXECFXN__C 
00000000  xdc_runtime_Startup__RESETFXN__C
00000000  xdc_runtime_Startup_exec__E     
00000000  xdc_runtime_Startup_reset__I    


GLOBAL SYMBOLS: SORTED BY Symbol Address 

address   name                            
-------   ----                            
00000000  IE1                             
00000000  __ASM__                         
00000000  xdc_runtime_Startup__EXECFXN__C 
00000000  xdc_runtime_Startup__RESETFXN__C
00000000  xdc_runtime_Startup_exec__E     
00000000  xdc_runtime_Startup_reset__I    
00000001  IE2                             
00000002  IFG1                            
00000003  IFG2                            
00000010  P3REN                           
00000018  P3IN                            
00000019  P3OUT                           
0000001a  P3DIR                           
0000001b  P3SEL                           
00000020  P1IN                            
00000021  P1OUT                           
00000022  P1DIR                           
00000023  P1IFG                           
00000024  P1IES                           
00000025  P1IE                            
00000026  P1SEL                           
00000027  P1REN                           
00000028  P2IN                            
00000029  P2OUT                           
0000002a  P2DIR                           
0000002b  P2IFG                           
0000002c  P2IES                           
0000002d  P2IE                            
0000002e  P2SEL                           
0000002f  P2REN                           
00000040  __STACK_SIZE                    
00000041  P1SEL2                          
00000042  P2SEL2                          
00000043  P3SEL2                          
00000048  ADC10DTC0                       
00000049  ADC10DTC1                       
0000004a  ADC10AE0                        
00000053  BCSCTL3                         
00000056  DCOCTL                          
00000057  BCSCTL1                         
00000058  BCSCTL2                         
00000059  CACTL1                          
0000005a  CACTL2                          
0000005b  CAPD                            
0000005d  UCA0ABCTL                       
0000005e  UCA0IRTCTL                      
0000005e  __ISA__                         
0000005f  UCA0IRRCTL                      
00000060  UCA0CTL0                        
00000061  UCA0CTL1                        
00000062  UCA0BR0                         
00000063  UCA0BR1                         
00000064  UCA0MCTL                        
00000065  UCA0STAT                        
00000066  UCA0RXBUF                       
00000067  UCA0TXBUF                       
00000068  UCB0CTL0                        
00000069  UCB0CTL1                        
0000006a  UCB0BR0                         
0000006b  UCB0BR1                         
0000006c  UCB0I2CIE                       
0000006d  UCB0STAT                        
0000006e  UCB0RXBUF                       
0000006f  UCB0TXBUF                       
00000070  __PLAT__                        
00000094  __TARG__                        
000000c0  __TRDR__                        
00000118  UCB0I2COA                       
0000011a  UCB0I2CSA                       
0000011e  TA1IV                           
00000120  WDTCTL                          
00000128  FCTL1                           
0000012a  FCTL2                           
0000012c  FCTL3                           
0000012e  TA0IV                           
00000160  TA0CTL                          
00000162  TA0CCTL0                        
00000164  TA0CCTL1                        
00000166  TA0CCTL2                        
00000170  TA0R                            
00000172  TA0CCR0                         
00000174  TA0CCR1                         
00000176  TA0CCR2                         
00000180  TA1CTL                          
00000182  TA1CCTL0                        
00000184  TA1CCTL1                        
00000186  TA1CCTL2                        
00000190  TA1R                            
00000192  TA1CCR0                         
00000194  TA1CCR1                         
00000196  TA1CCR2                         
000001b0  ADC10CTL0                       
000001b2  ADC10CTL1                       
000001b4  ADC10MEM                        
000001bc  ADC10SA                         
00000200  leds                            
000002b4  time_color_hour                 
000002b7  time_color_minute               
000002ba  time_color_second               
000002bd  time_color_second_75            
000002c0  time_color_second_50            
000002c3  time_color_second_25            
000002c6  normal_color                    
000002c9  input_count                     
000002ca  current_state                   
000002ce  f_time_set                      
000002d0  input_buffer                    
00000350  time_str                        
0000036a  time_formated                   
00000374  current                         
000003c0  _stack                          
00000400  __STACK_END                     
000010c0  TLV_CHECKSUM                    
000010da  TLV_ADC10_1_TAG                 
000010db  TLV_ADC10_1_LEN                 
000010f6  TLV_DCO_30_TAG                  
000010f7  TLV_DCO_30_LEN                  
000010f8  CALDCO_16MHZ                    
000010f9  CALBC1_16MHZ                    
000010fa  CALDCO_12MHZ                    
000010fb  CALBC1_12MHZ                    
000010fc  CALDCO_8MHZ                     
000010fd  CALBC1_8MHZ                     
000010fe  CALDCO_1MHZ                     
000010ff  CALBC1_1MHZ                     
0000c000  show_clock                      
0000c256  __TI_printfi_minimal            
0000c320  USCI0RX_ISR_HOOK                
0000c3cc  main                            
0000c462  showStrip                       
0000c552  _auto_init                      
0000c5b6  parse_time                      
0000c664  atoi                            
0000c704  strtok                          
0000c752  __mspabi_srli                   
0000c760  __mspabi_srli_15                
0000c764  __mspabi_srli_14                
0000c768  __mspabi_srli_13                
0000c76c  __mspabi_srli_12                
0000c770  __mspabi_srli_11                
0000c774  __mspabi_srli_10                
0000c778  __mspabi_srli_9                 
0000c77c  __mspabi_srli_8                 
0000c780  __mspabi_srli_7                 
0000c784  __mspabi_srli_6                 
0000c788  __mspabi_srli_5                 
0000c78c  __mspabi_srli_4                 
0000c790  __mspabi_srli_3                 
0000c794  __mspabi_srli_2                 
0000c798  __mspabi_srli_1                 
0000c7e6  set_time                        
0000c828  GPIO_graceInit                  
0000c864  print_string                    
0000c89e  sprintf                         
0000c8d6  tick                            
0000c90e  strstr                          
0000c944  BCSplus_graceInit               
0000c9a6  fillStrip                       
0000c9d4  initStrip                       
0000ca00  strcspn                         
0000ca28  strspn                          
0000ca50  TIMER0_A0_ISR_HOOK              
0000ca76  _c_int00_noargs_noexit          
0000ca9c  Grace_init                      
0000cac0  System_graceInit                
0000cae4  setLEDColor                     
0000cb04  USCI_A0_graceInit               
0000cb3a  memccpy                         
0000cb6c  strcmp                          
0000cb84  __mspabi_divu                   
0000cb84  __mspabi_remu                   
0000cb9a  Timer0_A3_graceInit             
0000cbae  __TI_zero_init                  
0000cbc2  memset                          
0000cbd6  __mspabi_mpyi                   
0000cbd6  __mspabi_mpyi_sw                
0000cbfc  __TI_decompress_none            
0000cc0e  memcpy                          
0000cc20  __mspabi_func_epilog_7          
0000cc22  __mspabi_func_epilog_6          
0000cc24  __mspabi_func_epilog_5          
0000cc26  __mspabi_func_epilog_4          
0000cc28  __mspabi_func_epilog_3          
0000cc2a  __mspabi_func_epilog_2          
0000cc2c  __mspabi_func_epilog_1          
0000cc30  strlen                          
0000cc3e  clearStrip                      
0000cc4a  WDTplus_graceInit               
0000cc52  __TI_ISR_TRAP                   
0000cc58  __TI_decompress_rle24           
0000cc5e  _system_pre_init                
0000cc62  C$$EXIT                         
0000cc62  abort                           
0000cc66  InterruptVectors_graceInit      
0000cc68  _ctypes_                        
0000cdfc  __TI_Handler_Table_Base         
0000ce02  __TI_Handler_Table_Limit        
0000ce06  __TI_CINIT_Base                 
0000ce0e  __TI_CINIT_Limit                
0000ffe0  __TI_int00                      
0000ffe4  __TI_int02                      
0000ffe6  __TI_int03                      
0000ffea  __TI_int05                      
0000ffec  __TI_int06                      
0000ffee  __TI_int07                      
0000fff0  __TI_int08                      
0000fff2  __TI_int09                      
0000fff4  __TI_int10                      
0000fff6  __TI_int11                      
0000fff8  __TI_int12                      
0000fffa  __TI_int13                      
0000fffc  __TI_int14                      
0000fffe  _reset_vector                   
ffffffff  __binit__                       
ffffffff  __c_args__                      
ffffffff  binit                           
UNDEFED   __TI_INITARRAY_Base             
UNDEFED   __TI_INITARRAY_Limit            

[218 symbols]
